Archive member included to satisfy reference by file (symbol)

c:/progra~2/gnuarm~1/102021~1.10/bin/../lib/gcc/arm-none-eabi/10.3.1/thumb/v6-m/nofp\libgcc.a(_dvmd_tls.o)
                              CMakeFiles\PicoSomine.dir\C_\Pico\pico-sdk\src\rp2_common\pico_divider\divider.S.obj (__aeabi_idiv0)
c:/progra~2/gnuarm~1/102021~1.10/bin/../lib/gcc/arm-none-eabi/10.3.1/../../../../arm-none-eabi/lib/thumb/v6-m/nofp\libg.a(lib_a-calloc.o)
                              CMakeFiles\PicoSomine.dir\C_\Pico\pico-sdk\src\rp2_common\pico_malloc\pico_malloc.c.obj (calloc)
c:/progra~2/gnuarm~1/102021~1.10/bin/../lib/gcc/arm-none-eabi/10.3.1/../../../../arm-none-eabi/lib/thumb/v6-m/nofp\libg.a(lib_a-callocr.o)
                              c:/progra~2/gnuarm~1/102021~1.10/bin/../lib/gcc/arm-none-eabi/10.3.1/../../../../arm-none-eabi/lib/thumb/v6-m/nofp\libg.a(lib_a-calloc.o) (_calloc_r)
c:/progra~2/gnuarm~1/102021~1.10/bin/../lib/gcc/arm-none-eabi/10.3.1/../../../../arm-none-eabi/lib/thumb/v6-m/nofp\libg.a(lib_a-errno.o)
                              c:/progra~2/gnuarm~1/102021~1.10/bin/../lib/gcc/arm-none-eabi/10.3.1/../../../../arm-none-eabi/lib/thumb/v6-m/nofp\libg.a(lib_a-callocr.o) (__errno)
c:/progra~2/gnuarm~1/102021~1.10/bin/../lib/gcc/arm-none-eabi/10.3.1/../../../../arm-none-eabi/lib/thumb/v6-m/nofp\libg.a(lib_a-impure.o)
                              c:/progra~2/gnuarm~1/102021~1.10/bin/../lib/gcc/arm-none-eabi/10.3.1/../../../../arm-none-eabi/lib/thumb/v6-m/nofp\libg.a(lib_a-calloc.o) (_impure_ptr)
c:/progra~2/gnuarm~1/102021~1.10/bin/../lib/gcc/arm-none-eabi/10.3.1/../../../../arm-none-eabi/lib/thumb/v6-m/nofp\libg.a(lib_a-init.o)
                              c:/progra~2/gnuarm~1/102021~1.10/bin/../lib/gcc/arm-none-eabi/10.3.1/../../../../arm-none-eabi/lib/thumb/v6-m/nofp/crt0.o (__libc_init_array)
c:/progra~2/gnuarm~1/102021~1.10/bin/../lib/gcc/arm-none-eabi/10.3.1/../../../../arm-none-eabi/lib/thumb/v6-m/nofp\libg.a(lib_a-malloc.o)
                              CMakeFiles\PicoSomine.dir\C_\Pico\pico-sdk\src\rp2_common\pico_malloc\pico_malloc.c.obj (malloc)
c:/progra~2/gnuarm~1/102021~1.10/bin/../lib/gcc/arm-none-eabi/10.3.1/../../../../arm-none-eabi/lib/thumb/v6-m/nofp\libg.a(lib_a-mallocr.o)
                              c:/progra~2/gnuarm~1/102021~1.10/bin/../lib/gcc/arm-none-eabi/10.3.1/../../../../arm-none-eabi/lib/thumb/v6-m/nofp\libg.a(lib_a-callocr.o) (_malloc_r)
c:/progra~2/gnuarm~1/102021~1.10/bin/../lib/gcc/arm-none-eabi/10.3.1/../../../../arm-none-eabi/lib/thumb/v6-m/nofp\libg.a(lib_a-mlock.o)
                              c:/progra~2/gnuarm~1/102021~1.10/bin/../lib/gcc/arm-none-eabi/10.3.1/../../../../arm-none-eabi/lib/thumb/v6-m/nofp\libg.a(lib_a-mallocr.o) (__malloc_lock)
c:/progra~2/gnuarm~1/102021~1.10/bin/../lib/gcc/arm-none-eabi/10.3.1/../../../../arm-none-eabi/lib/thumb/v6-m/nofp\libg.a(lib_a-realloc.o)
                              CMakeFiles\PicoSomine.dir\C_\Pico\pico-sdk\src\rp2_common\pico_malloc\pico_malloc.c.obj (realloc)
c:/progra~2/gnuarm~1/102021~1.10/bin/../lib/gcc/arm-none-eabi/10.3.1/../../../../arm-none-eabi/lib/thumb/v6-m/nofp\libg.a(lib_a-reallocr.o)
                              c:/progra~2/gnuarm~1/102021~1.10/bin/../lib/gcc/arm-none-eabi/10.3.1/../../../../arm-none-eabi/lib/thumb/v6-m/nofp\libg.a(lib_a-realloc.o) (_realloc_r)
c:/progra~2/gnuarm~1/102021~1.10/bin/../lib/gcc/arm-none-eabi/10.3.1/../../../../arm-none-eabi/lib/thumb/v6-m/nofp\libg.a(lib_a-sbrkr.o)
                              c:/progra~2/gnuarm~1/102021~1.10/bin/../lib/gcc/arm-none-eabi/10.3.1/../../../../arm-none-eabi/lib/thumb/v6-m/nofp\libg.a(lib_a-mallocr.o) (_sbrk_r)
c:/progra~2/gnuarm~1/102021~1.10/bin/../lib/gcc/arm-none-eabi/10.3.1/../../../../arm-none-eabi/lib/thumb/v6-m/nofp\libg.a(lib_a-strlen-stub.o)
                              CMakeFiles\PicoSomine.dir\C_\Pico\pico-sdk\src\rp2_common\pico_stdio\stdio.c.obj (strlen)
c:/progra~2/gnuarm~1/102021~1.10/bin/../lib/gcc/arm-none-eabi/10.3.1/../../../../arm-none-eabi/lib/thumb/v6-m/nofp\libg.a(lib_a-freer.o)
                              c:/progra~2/gnuarm~1/102021~1.10/bin/../lib/gcc/arm-none-eabi/10.3.1/../../../../arm-none-eabi/lib/thumb/v6-m/nofp\libg.a(lib_a-malloc.o) (_free_r)
c:/progra~2/gnuarm~1/102021~1.10/bin/../lib/gcc/arm-none-eabi/10.3.1/../../../../arm-none-eabi/lib/thumb/v6-m/nofp\libg.a(lib_a-lock.o)
                              c:/progra~2/gnuarm~1/102021~1.10/bin/../lib/gcc/arm-none-eabi/10.3.1/../../../../arm-none-eabi/lib/thumb/v6-m/nofp\libg.a(lib_a-mlock.o) (__retarget_lock_acquire_recursive)
c:/progra~2/gnuarm~1/102021~1.10/bin/../lib/gcc/arm-none-eabi/10.3.1/../../../../arm-none-eabi/lib/thumb/v6-m/nofp\libg.a(lib_a-memmove.o)
                              c:/progra~2/gnuarm~1/102021~1.10/bin/../lib/gcc/arm-none-eabi/10.3.1/../../../../arm-none-eabi/lib/thumb/v6-m/nofp\libg.a(lib_a-reallocr.o) (memmove)
[...]
Memory Configuration

Name             Origin             Length             Attributes
FLASH            0x10000000         0x00200000         xr
RAM              0x20000000         0x00040000         xrw
SCRATCH_X        0x20040000         0x00001000         xrw
SCRATCH_Y        0x20041000         0x00001000         xrw
*default*        0x00000000         0xffffffff

Linker script and memory map

LOAD c:/progra~2/gnuarm~1/102021~1.10/bin/../lib/gcc/arm-none-eabi/10.3.1/thumb/v6-m/nofp/crti.o
LOAD c:/progra~2/gnuarm~1/102021~1.10/bin/../lib/gcc/arm-none-eabi/10.3.1/thumb/v6-m/nofp/crtbegin.o
LOAD c:/progra~2/gnuarm~1/102021~1.10/bin/../lib/gcc/arm-none-eabi/10.3.1/../../../../arm-none-eabi/lib/thumb/v6-m/nofp/crt0.o

.flash_begin    0x10000000        0x0
                0x10000000                __flash_binary_start = .

.boot2          0x10000000      0x100
                0x10000000                __boot2_start__ = .
 *(.boot2)
 .boot2         0x10000000      0x100 C:\Users\entsis\AppData\Local\Temp\ccCX9GBt.o
                0x10000100                __boot2_end__ = .
                0x00000001                ASSERT (((__boot2_end__ - __boot2_start__) == 0x100), ERROR: Pico second stage bootloader must be 256 bytes in size)

.text           0x10000100     0x4638
                0x10000100                __logical_binary_start = .
 *(.vectors)
 .vectors       0x10000100       0xd4 CMakeFiles\PicoSomine.dir\C_\Pico\pico-sdk\src\rp2_common\pico_standard_link\crt0.S.obj
                0x10000100                __VECTOR_TABLE
                0x10000100                __vectors
                0x100001c0                isr_invalid
                0x100001c0                __default_isrs_start
                0x100001c2                isr_nmi
                0x100001c4                isr_hardfault
                0x100001c6                isr_svcall
                0x100001c8                isr_pendsv
                0x100001ca                isr_systick
                0x100001cc                isr_irq23
                0x100001cc                isr_irq18
                0x100001cc                isr_irq11
                0x100001cc                isr_irq28
                0x100001cc                isr_irq19
                0x100001cc                isr_irq0
                0x100001cc                isr_irq6
                0x100001cc                isr_irq5
                0x100001cc                isr_irq12
                0x100001cc                isr_irq22
                0x100001cc                isr_irq31
                0x100001cc                isr_irq17
                0x100001cc                isr_irq27
                0x100001cc                isr_irq30
                0x100001cc                isr_irq2
                0x100001cc                isr_irq10
                0x100001cc                isr_irq8
                0x100001cc                isr_irq24
                0x100001cc                isr_irq1
                0x100001cc                isr_irq7
                0x100001cc                isr_irq21
                0x100001cc                isr_irq20
                0x100001cc                isr_irq15
                0x100001cc                isr_irq25
                0x100001cc                isr_irq13
                0x100001cc                __unhandled_user_irq
                0x100001cc                isr_irq4
                0x100001cc                isr_irq16
                0x100001cc                isr_irq29
                0x100001cc                isr_irq26
                0x100001cc                __default_isrs_end
                0x100001cc                isr_irq3
                0x100001cc                isr_irq14
                0x100001cc                isr_irq9
                0x100001d2                unhandled_user_irq_num_in_r0
 *(.binary_info_header)
 .binary_info_header
                0x100001d4       0x14 CMakeFiles\PicoSomine.dir\C_\Pico\pico-sdk\src\rp2_common\pico_standard_link\crt0.S.obj
                0x100001e8                __binary_info_header_end = .
 *(.reset)
 .reset         0x100001e8       0xa0 CMakeFiles\PicoSomine.dir\C_\Pico\pico-sdk\src\rp2_common\pico_standard_link\crt0.S.obj
                0x100001e8                _entry_point
 .reset         0x10000288       0x30 CMakeFiles\PicoSomine.dir\C_\Pico\pico-sdk\src\rp2_common\pico_standard_link\binary_info.c.obj
 *(.init)
 .init          0x100002b8        0x4 c:/progra~2/gnuarm~1/102021~1.10/bin/../lib/gcc/arm-none-eabi/10.3.1/thumb/v6-m/nofp/crti.o
                0x100002b8                _init
 *(EXCLUDE_FILE(*libm.a: *libc.a:*lib_a-mem*.o *libgcc.a:) .text*)
 .text          0x100002bc       0x48 c:/progra~2/gnuarm~1/102021~1.10/bin/../lib/gcc/arm-none-eabi/10.3.1/thumb/v6-m/nofp/crtbegin.o
 .text.pwm_interrupt_handler
                0x10000304       0x50 CMakeFiles\PicoSomine.dir\PicoSomine.c.obj
                0x10000304                pwm_interrupt_handler
 .text.main     0x10000354       0xb8 CMakeFiles\PicoSomine.dir\PicoSomine.c.obj
                0x10000354                main
 .text.set_sys_clock_pll
                0x1000040c       0x78 CMakeFiles\PicoSomine.dir\C_\Pico\pico-sdk\src\rp2_common\pico_stdlib\stdlib.c.obj
                0x1000040c                set_sys_clock_pll
 .text.check_sys_clock_khz
                0x10000484       0xa4 CMakeFiles\PicoSomine.dir\C_\Pico\pico-sdk\src\rp2_common\pico_stdlib\stdlib.c.obj
                0x10000484                check_sys_clock_khz
 .text.gpio_set_function
                0x10000528       0x30 CMakeFiles\PicoSomine.dir\C_\Pico\pico-sdk\src\rp2_common\hardware_gpio\gpio.c.obj
                0x10000528                gpio_set_function
 .text.running_on_fpga
                0x10000558       0x14 CMakeFiles\PicoSomine.dir\C_\Pico\pico-sdk\src\rp2_common\pico_platform\platform.c.obj
                0x10000558                running_on_fpga
 .text.hw_claim_lock
                0x1000056c       0x18 CMakeFiles\PicoSomine.dir\C_\Pico\pico-sdk\src\rp2_common\hardware_claim\claim.c.obj
                0x1000056c                hw_claim_lock
 .text.hw_claim_unlock
                0x10000584       0x14 CMakeFiles\PicoSomine.dir\C_\Pico\pico-sdk\src\rp2_common\hardware_claim\claim.c.obj
                0x10000584                hw_claim_unlock
 .text.hw_claim_or_assert
                0x10000598       0x32 CMakeFiles\PicoSomine.dir\C_\Pico\pico-sdk\src\rp2_common\hardware_claim\claim.c.obj
                0x10000598                hw_claim_or_assert
 *fill*         0x100005ca        0x2 
 .text.spin_locks_reset
                0x100005cc       0x20 CMakeFiles\PicoSomine.dir\C_\Pico\pico-sdk\src\rp2_common\hardware_sync\sync.c.obj
                0x100005cc                spin_locks_reset
 .text.next_striped_spin_lock_num
                0x100005ec       0x1c CMakeFiles\PicoSomine.dir\C_\Pico\pico-sdk\src\rp2_common\hardware_sync\sync.c.obj
                0x100005ec                next_striped_spin_lock_num
 .text.set_raw_irq_handler_and_unlock
                0x10000608       0x28 CMakeFiles\PicoSomine.dir\C_\Pico\pico-sdk\src\rp2_common\hardware_irq\irq.c.obj
 .text.make_branch
                0x10000630       0x48 CMakeFiles\PicoSomine.dir\C_\Pico\pico-sdk\src\rp2_common\hardware_irq\irq.c.obj
 .text.insert_branch_and_link
                0x10000678       0x40 CMakeFiles\PicoSomine.dir\C_\Pico\pico-sdk\src\rp2_common\hardware_irq\irq.c.obj
 .text.irq_is_enabled
                0x100006b8       0x18 CMakeFiles\PicoSomine.dir\C_\Pico\pico-sdk\src\rp2_common\hardware_irq\irq.c.obj
                0x100006b8                irq_is_enabled
 .text.irq_set_mask_enabled
                0x100006d0       0x20 CMakeFiles\PicoSomine.dir\C_\Pico\pico-sdk\src\rp2_common\hardware_irq\irq.c.obj
                0x100006d0                irq_set_mask_enabled
 .text.irq_set_enabled
                0x100006f0        0xe CMakeFiles\PicoSomine.dir\C_\Pico\pico-sdk\src\rp2_common\hardware_irq\irq.c.obj
                0x100006f0                irq_set_enabled
 *fill*         0x100006fe        0x2 
 .text.irq_get_vtable_handler
                0x10000700       0x10 CMakeFiles\PicoSomine.dir\C_\Pico\pico-sdk\src\rp2_common\hardware_irq\irq.c.obj
                0x10000700                irq_get_vtable_handler
 .text.irq_set_exclusive_handler
                0x10000710       0x54 CMakeFiles\PicoSomine.dir\C_\Pico\pico-sdk\src\rp2_common\hardware_irq\irq.c.obj
                0x10000710                irq_set_exclusive_handler
 .text.irq_remove_handler
                0x10000764      0x1ac CMakeFiles\PicoSomine.dir\C_\Pico\pico-sdk\src\rp2_common\hardware_irq\irq.c.obj
                0x10000764                irq_remove_handler
 .text.irq_add_tail_to_free_list
                0x10000910       0xf0 CMakeFiles\PicoSomine.dir\C_\Pico\pico-sdk\src\rp2_common\hardware_irq\irq.c.obj
                0x10000910                irq_add_tail_to_free_list
 .text.irq_init_priorities
                0x10000a00       0x1c CMakeFiles\PicoSomine.dir\C_\Pico\pico-sdk\src\rp2_common\hardware_irq\irq.c.obj
                0x10000a00                irq_init_priorities
 .text.lock_init
                0x10000a1c       0x10 CMakeFiles\PicoSomine.dir\C_\Pico\pico-sdk\src\common\pico_sync\lock_core.c.obj
                0x10000a1c                lock_init
 .text.mutex_init
                0x10000a2c       0x1a CMakeFiles\PicoSomine.dir\C_\Pico\pico-sdk\src\common\pico_sync\mutex.c.obj
                0x10000a2c                mutex_init
 .text.recursive_mutex_init
                0x10000a46       0x1e CMakeFiles\PicoSomine.dir\C_\Pico\pico-sdk\src\common\pico_sync\mutex.c.obj
                0x10000a46                recursive_mutex_init
 .text.alarm_pool_post_alloc_init
                0x10000a64       0x40 CMakeFiles\PicoSomine.dir\C_\Pico\pico-sdk\src\common\pico_time\time.c.obj
 .text.sleep_until_callback
                0x10000aa4       0x30 CMakeFiles\PicoSomine.dir\C_\Pico\pico-sdk\src\common\pico_time\time.c.obj
 .text.timer_pool_entry_comparator
                0x10000ad4       0x7c CMakeFiles\PicoSomine.dir\C_\Pico\pico-sdk\src\common\pico_time\time.c.obj
                0x10000ad4                timer_pool_entry_comparator
 .text.ph_add_child_node
                0x10000b50       0xa4 CMakeFiles\PicoSomine.dir\C_\Pico\pico-sdk\src\common\pico_time\time.c.obj
 .text.ph_merge_nodes
                0x10000bf4       0x3e CMakeFiles\PicoSomine.dir\C_\Pico\pico-sdk\src\common\pico_time\time.c.obj
 *fill*         0x10000c32        0x2 
 .text.add_alarm_under_lock
                0x10000c34      0x174 CMakeFiles\PicoSomine.dir\C_\Pico\pico-sdk\src\common\pico_time\time.c.obj
 .text.alarm_pool_alarm_callback
                0x10000da8      0x33c CMakeFiles\PicoSomine.dir\C_\Pico\pico-sdk\src\common\pico_time\time.c.obj
 .text.alarm_pool_init_default
                0x100010e4       0x40 CMakeFiles\PicoSomine.dir\C_\Pico\pico-sdk\src\common\pico_time\time.c.obj
                0x100010e4                alarm_pool_init_default
 .text.alarm_pool_get_default
                0x10001124       0x2c CMakeFiles\PicoSomine.dir\C_\Pico\pico-sdk\src\common\pico_time\time.c.obj
                0x10001124                alarm_pool_get_default
 .text.alarm_pool_add_alarm_at
                0x10001150      0x168 CMakeFiles\PicoSomine.dir\C_\Pico\pico-sdk\src\common\pico_time\time.c.obj
                0x10001150                alarm_pool_add_alarm_at
 .text.alarm_pool_cancel_alarm
                0x100012b8       0xf8 CMakeFiles\PicoSomine.dir\C_\Pico\pico-sdk\src\common\pico_time\time.c.obj
                0x100012b8                alarm_pool_cancel_alarm
 .text.best_effort_wfe_or_timeout
                0x100013b0       0xac CMakeFiles\PicoSomine.dir\C_\Pico\pico-sdk\src\common\pico_time\time.c.obj
                0x100013b0                best_effort_wfe_or_timeout
 .text.hardware_alarm_irq_handler
                0x1000145c       0x90 CMakeFiles\PicoSomine.dir\C_\Pico\pico-sdk\src\rp2_common\hardware_timer\timer.c.obj
 .text.hardware_alarm_claim
                0x100014ec       0x18 CMakeFiles\PicoSomine.dir\C_\Pico\pico-sdk\src\rp2_common\hardware_timer\timer.c.obj
                0x100014ec                hardware_alarm_claim
 .text.time_us_64
                0x10001504       0x18 CMakeFiles\PicoSomine.dir\C_\Pico\pico-sdk\src\rp2_common\hardware_timer\timer.c.obj
                0x10001504                time_us_64
 .text.busy_wait_until
                0x1000151c       0x28 CMakeFiles\PicoSomine.dir\C_\Pico\pico-sdk\src\rp2_common\hardware_timer\timer.c.obj
                0x1000151c                busy_wait_until
 .text.busy_wait_us
                0x10001544       0x48 CMakeFiles\PicoSomine.dir\C_\Pico\pico-sdk\src\rp2_common\hardware_timer\timer.c.obj
                0x10001544                busy_wait_us
 .text.hardware_alarm_set_callback
                0x1000158c       0x90 CMakeFiles\PicoSomine.dir\C_\Pico\pico-sdk\src\rp2_common\hardware_timer\timer.c.obj
                0x1000158c                hardware_alarm_set_callback
 .text.hardware_alarm_set_target
                0x1000161c       0xe8 CMakeFiles\PicoSomine.dir\C_\Pico\pico-sdk\src\rp2_common\hardware_timer\timer.c.obj
                0x1000161c                hardware_alarm_set_target
 .text.hardware_alarm_cancel
                0x10001704       0x40 CMakeFiles\PicoSomine.dir\C_\Pico\pico-sdk\src\rp2_common\hardware_timer\timer.c.obj
                0x10001704                hardware_alarm_cancel
 .text.ph_add_child_node
                0x10001744       0xa4 CMakeFiles\PicoSomine.dir\C_\Pico\pico-sdk\src\common\pico_util\pheap.c.obj
 .text.ph_merge_nodes
                0x100017e8       0x3e CMakeFiles\PicoSomine.dir\C_\Pico\pico-sdk\src\common\pico_util\pheap.c.obj
 *fill*         0x10001826        0x2 
 .text.ph_clear
                0x10001828       0x70 CMakeFiles\PicoSomine.dir\C_\Pico\pico-sdk\src\common\pico_util\pheap.c.obj
                0x10001828                ph_clear
 .text.ph_post_alloc_init
                0x10001898        0xe CMakeFiles\PicoSomine.dir\C_\Pico\pico-sdk\src\common\pico_util\pheap.c.obj
                0x10001898                ph_post_alloc_init
 *fill*         0x100018a6        0x2 
 .text.ph_merge_two_pass
                0x100018a8       0xa8 CMakeFiles\PicoSomine.dir\C_\Pico\pico-sdk\src\common\pico_util\pheap.c.obj
                0x100018a8                ph_merge_two_pass
 .text.ph_remove_any_head
                0x10001950      0x128 CMakeFiles\PicoSomine.dir\C_\Pico\pico-sdk\src\common\pico_util\pheap.c.obj
 .text.ph_remove_head
                0x10001a78       0x14 CMakeFiles\PicoSomine.dir\C_\Pico\pico-sdk\src\common\pico_util\pheap.c.obj
                0x10001a78                ph_remove_head
 .text.ph_remove_and_free_node
                0x10001a8c       0xf8 CMakeFiles\PicoSomine.dir\C_\Pico\pico-sdk\src\common\pico_util\pheap.c.obj
                0x10001a8c                ph_remove_and_free_node
 .text.uart_disable_before_lcr_write
                0x10001b84       0x48 CMakeFiles\PicoSomine.dir\C_\Pico\pico-sdk\src\rp2_common\hardware_uart\uart.c.obj
 .text.uart_write_lcr_bits_masked
                0x10001bcc       0x22 CMakeFiles\PicoSomine.dir\C_\Pico\pico-sdk\src\rp2_common\hardware_uart\uart.c.obj
 *fill*         0x10001bee        0x2 
 .text.uart_set_baudrate
                0x10001bf0       0x5c CMakeFiles\PicoSomine.dir\C_\Pico\pico-sdk\src\rp2_common\hardware_uart\uart.c.obj
                0x10001bf0                uart_set_baudrate
 .text.uart_set_format
                0x10001c4c       0x2c CMakeFiles\PicoSomine.dir\C_\Pico\pico-sdk\src\rp2_common\hardware_uart\uart.c.obj
                0x10001c4c                uart_set_format
 .text.uart_set_translate_crlf
                0x10001c78       0x28 CMakeFiles\PicoSomine.dir\C_\Pico\pico-sdk\src\rp2_common\hardware_uart\uart.c.obj
                0x10001c78                uart_set_translate_crlf
 .text.uart_init
                0x10001ca0       0x80 CMakeFiles\PicoSomine.dir\C_\Pico\pico-sdk\src\rp2_common\hardware_uart\uart.c.obj
                0x10001ca0                uart_init
 .text.clock_configure
                0x10001d20      0x108 CMakeFiles\PicoSomine.dir\C_\Pico\pico-sdk\src\rp2_common\hardware_clocks\clocks.c.obj
                0x10001d20                clock_configure
 .text.clocks_init
                0x10001e28      0x100 CMakeFiles\PicoSomine.dir\C_\Pico\pico-sdk\src\rp2_common\hardware_clocks\clocks.c.obj
                0x10001e28                clocks_init
 .text.clock_get_hz
                0x10001f28        0xc CMakeFiles\PicoSomine.dir\C_\Pico\pico-sdk\src\rp2_common\hardware_clocks\clocks.c.obj
                0x10001f28                clock_get_hz
 .text.pll_init
                0x10001f34      0x120 CMakeFiles\PicoSomine.dir\C_\Pico\pico-sdk\src\rp2_common\hardware_pll\pll.c.obj
                0x10001f34                pll_init
 .text.watchdog_start_tick
                0x10002054       0x10 CMakeFiles\PicoSomine.dir\C_\Pico\pico-sdk\src\rp2_common\hardware_watchdog\watchdog.c.obj
                0x10002054                watchdog_start_tick
 .text.xosc_init
                0x10002064       0x28 CMakeFiles\PicoSomine.dir\C_\Pico\pico-sdk\src\rp2_common\hardware_xosc\xosc.c.obj
                0x10002064                xosc_init
 .text._exit    0x1000208c        0x4 CMakeFiles\PicoSomine.dir\C_\Pico\pico-sdk\src\rp2_common\pico_runtime\runtime.c.obj
                0x1000208c                _exit
 .text.exit     0x10002090        0x6 CMakeFiles\PicoSomine.dir\C_\Pico\pico-sdk\src\rp2_common\pico_runtime\runtime.c.obj
                0x10002090                exit
 *fill*         0x10002096        0x2 
 .text.__assert_func
                0x10002098       0x3c CMakeFiles\PicoSomine.dir\C_\Pico\pico-sdk\src\rp2_common\pico_runtime\runtime.c.obj
                0x10002098                __assert_func
 .text.runtime_init
                0x100020d4       0xf8 CMakeFiles\PicoSomine.dir\C_\Pico\pico-sdk\src\rp2_common\pico_runtime\runtime.c.obj
                0x100020d4                runtime_init
 .text.panic    0x100021cc       0x30 CMakeFiles\PicoSomine.dir\C_\Pico\pico-sdk\src\rp2_common\pico_runtime\runtime.c.obj
                0x100021cc                panic
 .text._out_null
                0x100021fc        0x2 CMakeFiles\PicoSomine.dir\C_\Pico\pico-sdk\src\rp2_common\pico_printf\printf.c.obj
 .text._out_fct
                0x100021fe        0xe CMakeFiles\PicoSomine.dir\C_\Pico\pico-sdk\src\rp2_common\pico_printf\printf.c.obj
 .text._atoi    0x1000220c       0x24 CMakeFiles\PicoSomine.dir\C_\Pico\pico-sdk\src\rp2_common\pico_printf\printf.c.obj
 .text._out_rev
                0x10002230       0xae CMakeFiles\PicoSomine.dir\C_\Pico\pico-sdk\src\rp2_common\pico_printf\printf.c.obj
 .text._ntoa_format
                0x100022de      0x112 CMakeFiles\PicoSomine.dir\C_\Pico\pico-sdk\src\rp2_common\pico_printf\printf.c.obj
 .text._ntoa_long
                0x100023f0       0xbc CMakeFiles\PicoSomine.dir\C_\Pico\pico-sdk\src\rp2_common\pico_printf\printf.c.obj
 .text._ntoa_long_long
                0x100024ac       0xe2 CMakeFiles\PicoSomine.dir\C_\Pico\pico-sdk\src\rp2_common\pico_printf\printf.c.obj
 *fill*         0x1000258e        0x2 
 .text._etoa    0x10002590      0x414 CMakeFiles\PicoSomine.dir\C_\Pico\pico-sdk\src\rp2_common\pico_printf\printf.c.obj
 .text._ftoa    0x100029a4      0x354 CMakeFiles\PicoSomine.dir\C_\Pico\pico-sdk\src\rp2_common\pico_printf\printf.c.obj
 .text._vsnprintf
                0x10002cf8      0x624 CMakeFiles\PicoSomine.dir\C_\Pico\pico-sdk\src\rp2_common\pico_printf\printf.c.obj
 .text.vfctprintf
                0x1000331c       0x20 CMakeFiles\PicoSomine.dir\C_\Pico\pico-sdk\src\rp2_common\pico_printf\printf.c.obj
                0x1000331c                vfctprintf
 .text          0x1000333c       0x10 CMakeFiles\PicoSomine.dir\C_\Pico\pico-sdk\src\rp2_common\pico_bit_ops\bit_ops_aeabi.S.obj
 .text.rom_func_lookup
                0x1000334c       0x10 CMakeFiles\PicoSomine.dir\C_\Pico\pico-sdk\src\rp2_common\pico_bootrom\bootrom.c.obj
                0x1000334c                rom_func_lookup
 .text.rom_data_lookup
                0x1000335c       0x10 CMakeFiles\PicoSomine.dir\C_\Pico\pico-sdk\src\rp2_common\pico_bootrom\bootrom.c.obj
                0x1000335c                rom_data_lookup
 .text.rom_funcs_lookup
                0x1000336c       0x36 CMakeFiles\PicoSomine.dir\C_\Pico\pico-sdk\src\rp2_common\pico_bootrom\bootrom.c.obj
                0x1000336c                rom_funcs_lookup
 *fill*         0x100033a2        0x2 
 .text.__wrap___aeabi_idiv
                0x100033a4       0x50 CMakeFiles\PicoSomine.dir\C_\Pico\pico-sdk\src\rp2_common\pico_divider\divider.S.obj
                0x100033a4                __wrap___aeabi_idivmod
                0x100033a4                divmod_s32s32
                0x100033a4                div_s32s32
                0x100033a4                __wrap___aeabi_idiv
                0x100033ac                divmod_s32s32_unsafe
                0x100033d8                divmod_s32s32_savestate
 .text.__wrap___aeabi_uidiv
                0x100033f4       0x4c CMakeFiles\PicoSomine.dir\C_\Pico\pico-sdk\src\rp2_common\pico_divider\divider.S.obj
                0x100033f4                __wrap___aeabi_uidiv
                0x100033f4                __wrap___aeabi_uidivmod
                0x100033f4                div_u32u32
                0x100033f4                divmod_u32u32
                0x100033fc                divmod_u32u32_unsafe
                0x10003424                divmod_u32u32_savestate
 .text.__wrap___aeabi_ldiv
                0x10003440      0x424 CMakeFiles\PicoSomine.dir\C_\Pico\pico-sdk\src\rp2_common\pico_divider\divider.S.obj
                0x10003440                div_s64s64
                0x10003440                divmod_s64s64
                0x10003440                __wrap___aeabi_ldivmod
                0x10003470                divmod_u64u64
                0x10003470                div_u64u64
                0x10003470                __wrap___aeabi_uldivmod
                0x10003480                divmod_u64u64_savestate
                0x100034a0                divmod_s64s64_unsafe
                0x10003528                divmod_u64u64_unsafe
 .text.__wrap___aeabi_darithmetic
                0x10003864       0x80 CMakeFiles\PicoSomine.dir\C_\Pico\pico-sdk\src\rp2_common\pico_double\double_aeabi.S.obj
                0x10003864                __wrap___aeabi_drsub
                0x1000386a                __wrap___aeabi_dsub
                0x1000387c                __wrap___aeabi_dadd
                0x1000388e                __wrap___aeabi_ddiv
                0x100038ca                __wrap___aeabi_dmul
 .text.__wrap___aeabi_cdcmple
                0x100038e4       0x6c CMakeFiles\PicoSomine.dir\C_\Pico\pico-sdk\src\rp2_common\pico_double\double_aeabi.S.obj
                0x100038e4                __wrap___aeabi_cdrcmple
                0x100038f4                __wrap___aeabi_cdcmpeq
                0x100038f4                __wrap___aeabi_cdcmple
 .text.__wrap___aeabi_dcmplt
                0x10003950        0xc CMakeFiles\PicoSomine.dir\C_\Pico\pico-sdk\src\rp2_common\pico_double\double_aeabi.S.obj
                0x10003950                __wrap___aeabi_dcmplt
 .text.__wrap___aeabi_dcmple
                0x1000395c       0x10 CMakeFiles\PicoSomine.dir\C_\Pico\pico-sdk\src\rp2_common\pico_double\double_aeabi.S.obj
                0x1000395c                __wrap___aeabi_dcmple
 .text.__wrap___aeabi_dcmpge
                0x1000396c       0x10 CMakeFiles\PicoSomine.dir\C_\Pico\pico-sdk\src\rp2_common\pico_double\double_aeabi.S.obj
                0x1000396c                __wrap___aeabi_dcmpge
 .text.__wrap___aeabi_dcmpgt
                0x1000397c        0xa CMakeFiles\PicoSomine.dir\C_\Pico\pico-sdk\src\rp2_common\pico_double\double_aeabi.S.obj
                0x1000397c                __wrap___aeabi_dcmpgt
 .text.__wrap___aeabi_dcmpun
                0x10003986       0x1c CMakeFiles\PicoSomine.dir\C_\Pico\pico-sdk\src\rp2_common\pico_double\double_aeabi.S.obj
                0x10003986                __wrap___aeabi_dcmpun
 *fill*         0x100039a2        0x2 
 .text.__wrap___aeabi_i2d
                0x100039a4       0x38 CMakeFiles\PicoSomine.dir\C_\Pico\pico-sdk\src\rp2_common\pico_double\double_aeabi.S.obj
                0x100039a4                __wrap___aeabi_ui2d
                0x100039ac                __wrap___aeabi_i2d
 .text.__wrap___aeabi_d2iz
                0x100039dc       0x48 CMakeFiles\PicoSomine.dir\C_\Pico\pico-sdk\src\rp2_common\pico_double\double_aeabi.S.obj
                0x100039dc                double2int_z
                0x100039dc                __wrap___aeabi_d2iz
 .text.__wrap___aeabi_d2uiz
                0x10003a24       0x18 CMakeFiles\PicoSomine.dir\C_\Pico\pico-sdk\src\rp2_common\pico_double\double_aeabi.S.obj
                0x10003a24                __wrap___aeabi_d2uiz
                0x10003a24                double2uint
 .text.__aeabi_double_init
                0x10003a3c       0xc8 CMakeFiles\PicoSomine.dir\C_\Pico\pico-sdk\src\rp2_common\pico_double\double_init_rom.c.obj
                0x10003a3c                __aeabi_double_init
 .text.double_table_shim_on_use_helper
                0x10003b04       0x34 CMakeFiles\PicoSomine.dir\C_\Pico\pico-sdk\src\rp2_common\pico_double\double_v1_rom_shim.S.obj
                0x10003b04                double_table_shim_on_use_helper
 .text.__wrap___aeabi_dsub
                0x10003b38       0x10 CMakeFiles\PicoSomine.dir\C_\Pico\pico-sdk\src\rp2_common\pico_double\double_v1_rom_shim.S.obj
                0x10003b38                drsub_shim
                0x10003b3e                dsub_shim
 .text.dadd_shim
                0x10003b48      0x15c CMakeFiles\PicoSomine.dir\C_\Pico\pico-sdk\src\rp2_common\pico_double\double_v1_rom_shim.S.obj
                0x10003b48                dadd_shim
 .text.dmul_shim
                0x10003ca4      0x15c CMakeFiles\PicoSomine.dir\C_\Pico\pico-sdk\src\rp2_common\pico_double\double_v1_rom_shim.S.obj
                0x10003ca4                dmul_shim
 .text.ddiv_shim
                0x10003e00      0x1b0 CMakeFiles\PicoSomine.dir\C_\Pico\pico-sdk\src\rp2_common\pico_double\double_v1_rom_shim.S.obj
                0x10003e00                ddiv_shim
 .text.double2uint_shim
                0x10003fb0        0xe CMakeFiles\PicoSomine.dir\C_\Pico\pico-sdk\src\rp2_common\pico_double\double_v1_rom_shim.S.obj
                0x10003fb0                double2uint_shim
                0x10003fb2                double2ufix_shim
 *fill*         0x10003fbe        0x2 
 .text.double2uint64_shim
                0x10003fc0       0x70 CMakeFiles\PicoSomine.dir\C_\Pico\pico-sdk\src\rp2_common\pico_double\double_v1_rom_shim.S.obj
                0x10003fc0                double2uint64_shim
                0x10003fc2                double2ufix64_shim
                0x10003fe2                d2fix_a
 .text.dunpacks
                0x10004030       0x3c CMakeFiles\PicoSomine.dir\C_\Pico\pico-sdk\src\rp2_common\pico_double\double_v1_rom_shim.S.obj
                0x10004030                dunpacks
 .text.__aeabi_float_init
                0x1000406c       0xfc CMakeFiles\PicoSomine.dir\C_\Pico\pico-sdk\src\rp2_common\pico_float\float_init_rom.c.obj
                0x1000406c                __aeabi_float_init
 .text.float_table_shim_on_use_helper
                0x10004168       0x34 CMakeFiles\PicoSomine.dir\C_\Pico\pico-sdk\src\rp2_common\pico_float\float_v1_rom_shim.S.obj
                0x10004168                float_table_shim_on_use_helper
 .text          0x1000419c       0x10 CMakeFiles\PicoSomine.dir\C_\Pico\pico-sdk\src\rp2_common\pico_mem_ops\mem_ops_aeabi.S.obj
                0x1000419c                __aeabi_mem_init
 .text.memcpy   0x100041ac        0xc CMakeFiles\PicoSomine.dir\C_\Pico\pico-sdk\src\rp2_common\pico_mem_ops\mem_ops_aeabi.S.obj
                0x100041ac                __wrap_memcpy
                0x100041ac                __wrap___aeabi_memcpy
 .text.stdio_out_chars_no_crlf
                0x100041b8        0xe CMakeFiles\PicoSomine.dir\C_\Pico\pico-sdk\src\rp2_common\pico_stdio\stdio.c.obj
 *fill*         0x100041c6        0x2 
 .text.stdio_out_chars_crlf
                0x100041c8       0x80 CMakeFiles\PicoSomine.dir\C_\Pico\pico-sdk\src\rp2_common\pico_stdio\stdio.c.obj
 .text.stdio_stack_buffer_flush
                0x10004248       0x44 CMakeFiles\PicoSomine.dir\C_\Pico\pico-sdk\src\rp2_common\pico_stdio\stdio.c.obj
 .text.stdio_buffered_printer
                0x1000428c       0x20 CMakeFiles\PicoSomine.dir\C_\Pico\pico-sdk\src\rp2_common\pico_stdio\stdio.c.obj
 .text.stdout_serialize_begin
                0x100042ac       0x5c CMakeFiles\PicoSomine.dir\C_\Pico\pico-sdk\src\rp2_common\pico_stdio\stdio.c.obj
                0x100042ac                stdout_serialize_begin
 .text.stdout_serialize_end
                0x10004308       0x10 CMakeFiles\PicoSomine.dir\C_\Pico\pico-sdk\src\rp2_common\pico_stdio\stdio.c.obj
                0x10004308                stdout_serialize_end
 .text.stdio_put_string
                0x10004318       0x98 CMakeFiles\PicoSomine.dir\C_\Pico\pico-sdk\src\rp2_common\pico_stdio\stdio.c.obj
 .text.stdio_set_driver_enabled
                0x100043b0       0x2c CMakeFiles\PicoSomine.dir\C_\Pico\pico-sdk\src\rp2_common\pico_stdio\stdio.c.obj
                0x100043b0                stdio_set_driver_enabled
 .text.stdio_flush
                0x100043dc       0x20 CMakeFiles\PicoSomine.dir\C_\Pico\pico-sdk\src\rp2_common\pico_stdio\stdio.c.obj
                0x100043dc                stdio_flush
 .text.__wrap_puts
                0x100043fc       0x1e CMakeFiles\PicoSomine.dir\C_\Pico\pico-sdk\src\rp2_common\pico_stdio\stdio.c.obj
                0x100043fc                __wrap_puts
 *fill*         0x1000441a        0x2 
 .text.__wrap_vprintf
                0x1000441c       0x40 CMakeFiles\PicoSomine.dir\C_\Pico\pico-sdk\src\rp2_common\pico_stdio\stdio.c.obj
                0x1000441c                __wrap_vprintf
 .text.__wrap_printf
                0x1000445c       0x18 CMakeFiles\PicoSomine.dir\C_\Pico\pico-sdk\src\rp2_common\pico_stdio\stdio.c.obj
                0x1000445c                __wrap_printf
 .text.stdio_init_all
                0x10004474        0xa CMakeFiles\PicoSomine.dir\C_\Pico\pico-sdk\src\rp2_common\pico_stdio\stdio.c.obj
                0x10004474                stdio_init_all
 *fill*         0x1000447e        0x2 
 .text.stdio_uart_out_chars
                0x10004480       0x74 CMakeFiles\PicoSomine.dir\C_\Pico\pico-sdk\src\rp2_common\pico_stdio_uart\stdio_uart.c.obj
 .text.stdio_uart_in_chars
                0x100044f4       0x80 CMakeFiles\PicoSomine.dir\C_\Pico\pico-sdk\src\rp2_common\pico_stdio_uart\stdio_uart.c.obj
                0x100044f4                stdio_uart_in_chars
 .text.on_uart_rx
                0x10004574       0x28 CMakeFiles\PicoSomine.dir\C_\Pico\pico-sdk\src\rp2_common\pico_stdio_uart\stdio_uart.c.obj
 .text.stdio_uart_set_chars_available_callback
                0x1000459c       0x8c CMakeFiles\PicoSomine.dir\C_\Pico\pico-sdk\src\rp2_common\pico_stdio_uart\stdio_uart.c.obj
 .text.stdio_uart_init_full
                0x10004628       0x44 CMakeFiles\PicoSomine.dir\C_\Pico\pico-sdk\src\rp2_common\pico_stdio_uart\stdio_uart.c.obj
                0x10004628                stdio_uart_init_full
 .text.stdio_uart_init
                0x1000466c       0x28 CMakeFiles\PicoSomine.dir\C_\Pico\pico-sdk\src\rp2_common\pico_stdio_uart\stdio_uart.c.obj
                0x1000466c                stdio_uart_init
 .text.strlen   0x10004694       0x5c c:/progra~2/gnuarm~1/102021~1.10/bin/../lib/gcc/arm-none-eabi/10.3.1/../../../../arm-none-eabi/lib/thumb/v6-m/nofp\libg.a(lib_a-strlen-stub.o)
                0x10004694                strlen
 *(.fini)
 .fini          0x100046f0        0x4 c:/progra~2/gnuarm~1/102021~1.10/bin/../lib/gcc/arm-none-eabi/10.3.1/thumb/v6-m/nofp/crti.o
                0x100046f0                _fini
 *fill*         0x100046f4        0x4 
 .fini.__stub   0x100046f8       0x40 linker stubs
 *crtbegin.o(.ctors)
 *crtbegin?.o(.ctors)
 *(EXCLUDE_FILE(*crtend.o *crtend?.o) .ctors)
 *(SORT_BY_NAME(.ctors.*))
 *(.ctors)
 *crtbegin.o(.dtors)
 *crtbegin?.o(.dtors)
 *(EXCLUDE_FILE(*crtend.o *crtend?.o) .dtors)
 *(SORT_BY_NAME(.dtors.*))
 *(.dtors)
 *(.eh_frame*)
 .eh_frame      0x10004738        0x0 c:/progra~2/gnuarm~1/102021~1.10/bin/../lib/gcc/arm-none-eabi/10.3.1/thumb/v6-m/nofp/crtbegin.o
                0x10004738                . = ALIGN (0x4)

.glue_7         0x10004738        0x0
 .glue_7        0x10004738        0x0 linker stubs

.glue_7t        0x10004738        0x0
 .glue_7t       0x10004738        0x0 linker stubs

.vfp11_veneer   0x10004738        0x0
 .vfp11_veneer  0x10004738        0x0 linker stubs

.v4_bx          0x10004738        0x0
 .v4_bx         0x10004738        0x0 linker stubs

.iplt           0x10004738        0x0
 .iplt          0x10004738        0x0 c:/progra~2/gnuarm~1/102021~1.10/bin/../lib/gcc/arm-none-eabi/10.3.1/thumb/v6-m/nofp/crtbegin.o

.rodata         0x10004738      0xeac
 *(EXCLUDE_FILE(*libm.a: *libc.a:*lib_a-mem*.o *libgcc.a:) .rodata*)
 .rodata.main.str1.4
                0x10004738       0x32 CMakeFiles\PicoSomine.dir\PicoSomine.c.obj
 *fill*         0x1000476a        0x2 
 .rodata.make_branch.str1.4
                0x1000476c       0x63 CMakeFiles\PicoSomine.dir\C_\Pico\pico-sdk\src\rp2_common\hardware_irq\irq.c.obj
 *fill*         0x100047cf        0x1 
 .rodata.insert_branch_and_link.str1.4
                0x100047d0       0x10 CMakeFiles\PicoSomine.dir\C_\Pico\pico-sdk\src\rp2_common\hardware_irq\irq.c.obj
 .rodata.irq_set_exclusive_handler.str1.4
                0x100047e0       0x36 CMakeFiles\PicoSomine.dir\C_\Pico\pico-sdk\src\rp2_common\hardware_irq\irq.c.obj
 *fill*         0x10004816        0x2 
 .rodata.irq_add_shared_handler.str1.4
                0x10004818       0xd9 CMakeFiles\PicoSomine.dir\C_\Pico\pico-sdk\src\rp2_common\hardware_irq\irq.c.obj
 *fill*         0x100048f1        0x3 
 .rodata.irq_remove_handler.str1.4
                0x100048f4       0x3a CMakeFiles\PicoSomine.dir\C_\Pico\pico-sdk\src\rp2_common\hardware_irq\irq.c.obj
 *fill*         0x1000492e        0x2 
 .rodata.irq_add_tail_to_free_list.str1.4
                0x10004930       0x3a CMakeFiles\PicoSomine.dir\C_\Pico\pico-sdk\src\rp2_common\hardware_irq\irq.c.obj
 *fill*         0x1000496a        0x2 
 .rodata.__func__.0
                0x1000496c       0x1a CMakeFiles\PicoSomine.dir\C_\Pico\pico-sdk\src\rp2_common\hardware_irq\irq.c.obj
 *fill*         0x10004986        0x2 
 .rodata.__func__.1
                0x10004988       0x17 CMakeFiles\PicoSomine.dir\C_\Pico\pico-sdk\src\rp2_common\hardware_irq\irq.c.obj
 *fill*         0x1000499f        0x1 
 .rodata.__func__.2
                0x100049a0       0x13 CMakeFiles\PicoSomine.dir\C_\Pico\pico-sdk\src\rp2_common\hardware_irq\irq.c.obj
 *fill*         0x100049b3        0x1 
 .rodata.__func__.3
                0x100049b4        0xc CMakeFiles\PicoSomine.dir\C_\Pico\pico-sdk\src\rp2_common\hardware_irq\irq.c.obj
 .rodata.__func__.4
                0x100049c0        0xf CMakeFiles\PicoSomine.dir\C_\Pico\pico-sdk\src\rp2_common\hardware_irq\irq.c.obj
 *fill*         0x100049cf        0x1 
 .rodata.__func__.6
                0x100049d0       0x1a CMakeFiles\PicoSomine.dir\C_\Pico\pico-sdk\src\rp2_common\hardware_irq\irq.c.obj
 *fill*         0x100049ea        0x2 
 .rodata.str1.4
                0x100049ec       0xd9 CMakeFiles\PicoSomine.dir\C_\Pico\pico-sdk\src\common\pico_sync\mutex.c.obj
 *fill*         0x10004ac5        0x3 
 .rodata.__func__.1
                0x10004ac8        0xb CMakeFiles\PicoSomine.dir\C_\Pico\pico-sdk\src\common\pico_sync\mutex.c.obj
 *fill*         0x10004ad3        0x1 
 .rodata.__func__.3
                0x10004ad4       0x18 CMakeFiles\PicoSomine.dir\C_\Pico\pico-sdk\src\common\pico_sync\mutex.c.obj
 .rodata.repeating_timer_callback.str1.4
                0x10004aec       0x41 CMakeFiles\PicoSomine.dir\C_\Pico\pico-sdk\src\common\pico_time\time.c.obj
 *fill*         0x10004b2d        0x3 
 .rodata.timer_pool_entry_comparator.str1.4
                0x10004b30       0x22 CMakeFiles\PicoSomine.dir\C_\Pico\pico-sdk\src\common\pico_time\time.c.obj
 *fill*         0x10004b52        0x2 
 .rodata.ph_add_child_node.str1.4
                0x10004b54       0x8a CMakeFiles\PicoSomine.dir\C_\Pico\pico-sdk\src\common\pico_time\time.c.obj
 *fill*         0x10004bde        0x2 
 .rodata.add_alarm_under_lock.str1.4
                0x10004be0       0x28 CMakeFiles\PicoSomine.dir\C_\Pico\pico-sdk\src\common\pico_time\time.c.obj
                                 0x2b (size before relaxing)
 .rodata.alarm_pool_alarm_callback.str1.4
                0x10004c08       0x98 CMakeFiles\PicoSomine.dir\C_\Pico\pico-sdk\src\common\pico_time\time.c.obj
                                 0xf0 (size before relaxing)
 .rodata.alarm_pool_get_default.str1.4
                0x10004ca0       0x21 CMakeFiles\PicoSomine.dir\C_\Pico\pico-sdk\src\common\pico_time\time.c.obj
 *fill*         0x10004cc1        0x3 
 .rodata.alarm_pool_cancel_alarm.str1.4
                0x10004cc4       0x27 CMakeFiles\PicoSomine.dir\C_\Pico\pico-sdk\src\common\pico_time\time.c.obj
 *fill*         0x10004ceb        0x1 
 .rodata.__func__.1
                0x10004cec       0x18 CMakeFiles\PicoSomine.dir\C_\Pico\pico-sdk\src\common\pico_time\time.c.obj
 .rodata.__func__.10
                0x10004d04       0x15 CMakeFiles\PicoSomine.dir\C_\Pico\pico-sdk\src\common\pico_time\time.c.obj
 *fill*         0x10004d19        0x3 
 .rodata.__func__.11
                0x10004d1c       0x1a CMakeFiles\PicoSomine.dir\C_\Pico\pico-sdk\src\common\pico_time\time.c.obj
 *fill*         0x10004d36        0x2 
 .rodata.__func__.12
                0x10004d38        0xa CMakeFiles\PicoSomine.dir\C_\Pico\pico-sdk\src\common\pico_time\time.c.obj
 *fill*         0x10004d42        0x2 
 .rodata.__func__.3
                0x10004d44       0x17 CMakeFiles\PicoSomine.dir\C_\Pico\pico-sdk\src\common\pico_time\time.c.obj
 *fill*         0x10004d5b        0x1 
 .rodata.__func__.4
                0x10004d5c       0x12 CMakeFiles\PicoSomine.dir\C_\Pico\pico-sdk\src\common\pico_time\time.c.obj
 *fill*         0x10004d6e        0x2 
 .rodata.__func__.5
                0x10004d70        0xd CMakeFiles\PicoSomine.dir\C_\Pico\pico-sdk\src\common\pico_time\time.c.obj
 *fill*         0x10004d7d        0x3 
 .rodata.__func__.6
                0x10004d80       0x12 CMakeFiles\PicoSomine.dir\C_\Pico\pico-sdk\src\common\pico_time\time.c.obj
 *fill*         0x10004d92        0x2 
 .rodata.__func__.7
                0x10004d94        0xf CMakeFiles\PicoSomine.dir\C_\Pico\pico-sdk\src\common\pico_time\time.c.obj
 *fill*         0x10004da3        0x1 
 .rodata.__func__.8
                0x10004da4        0xc CMakeFiles\PicoSomine.dir\C_\Pico\pico-sdk\src\common\pico_time\time.c.obj
 .rodata.__func__.9
                0x10004db0       0x15 CMakeFiles\PicoSomine.dir\C_\Pico\pico-sdk\src\common\pico_time\time.c.obj
 *fill*         0x10004dc5        0x3 
 .rodata.hardware_alarm_claim.str1.4
                0x10004dc8       0x22 CMakeFiles\PicoSomine.dir\C_\Pico\pico-sdk\src\rp2_common\hardware_timer\timer.c.obj
 .rodata.busy_wait_us.str1.4
                0x10004dea       0x57 CMakeFiles\PicoSomine.dir\C_\Pico\pico-sdk\src\rp2_common\hardware_timer\timer.c.obj
 *fill*         0x10004dea        0x2 
 .rodata.hardware_alarm_set_target.str1.4
                0x10004dec       0x5b CMakeFiles\PicoSomine.dir\C_\Pico\pico-sdk\src\rp2_common\hardware_timer\timer.c.obj
 *fill*         0x10004e47        0x1 
 .rodata.__func__.0
                0x10004e48       0x1a CMakeFiles\PicoSomine.dir\C_\Pico\pico-sdk\src\rp2_common\hardware_timer\timer.c.obj
 *fill*         0x10004e62        0x2 
 .rodata.__func__.1
                0x10004e64       0x15 CMakeFiles\PicoSomine.dir\C_\Pico\pico-sdk\src\rp2_common\hardware_timer\timer.c.obj
 .rodata.ph_add_child_node.str1.4
                0x10004e79       0x8a CMakeFiles\PicoSomine.dir\C_\Pico\pico-sdk\src\common\pico_util\pheap.c.obj
 *fill*         0x10004e79        0x3 
 .rodata.ph_remove_any_head.str1.4
                0x10004e7c       0x84 CMakeFiles\PicoSomine.dir\C_\Pico\pico-sdk\src\common\pico_util\pheap.c.obj
                                 0x98 (size before relaxing)
 .rodata.ph_remove_and_free_node.str1.4
                0x10004f00       0x1e CMakeFiles\PicoSomine.dir\C_\Pico\pico-sdk\src\common\pico_util\pheap.c.obj
                                 0x26 (size before relaxing)
 *fill*         0x10004f1e        0x2 
 .rodata.__func__.0
                0x10004f20       0x18 CMakeFiles\PicoSomine.dir\C_\Pico\pico-sdk\src\common\pico_util\pheap.c.obj
 .rodata.__func__.1
                0x10004f38       0x13 CMakeFiles\PicoSomine.dir\C_\Pico\pico-sdk\src\common\pico_util\pheap.c.obj
 *fill*         0x10004f4b        0x1 
 .rodata.__func__.2
                0x10004f4c       0x12 CMakeFiles\PicoSomine.dir\C_\Pico\pico-sdk\src\common\pico_util\pheap.c.obj
 *fill*         0x10004f5e        0x2 
 .rodata.__func__.3
                0x10004f60        0xc CMakeFiles\PicoSomine.dir\C_\Pico\pico-sdk\src\common\pico_util\pheap.c.obj
 .rodata.clock_configure.str1.4
                0x10004f6c       0x4d CMakeFiles\PicoSomine.dir\C_\Pico\pico-sdk\src\rp2_common\hardware_clocks\clocks.c.obj
 *fill*         0x10004fb9        0x3 
 .rodata.__func__.1
                0x10004fbc       0x10 CMakeFiles\PicoSomine.dir\C_\Pico\pico-sdk\src\rp2_common\hardware_clocks\clocks.c.obj
 .rodata.pll_init.str1.4
                0x10004fcc      0x118 CMakeFiles\PicoSomine.dir\C_\Pico\pico-sdk\src\rp2_common\hardware_pll\pll.c.obj
 .rodata.__func__.0
                0x100050e4        0x9 CMakeFiles\PicoSomine.dir\C_\Pico\pico-sdk\src\rp2_common\hardware_pll\pll.c.obj
 *fill*         0x100050ed        0x3 
 .rodata.__assert_func.str1.4
                0x100050f0       0x3f CMakeFiles\PicoSomine.dir\C_\Pico\pico-sdk\src\rp2_common\pico_runtime\runtime.c.obj
                                 0x43 (size before relaxing)
 *fill*         0x1000512f        0x1 
 .rodata.runtime_init.str1.4
                0x10005130       0x57 CMakeFiles\PicoSomine.dir\C_\Pico\pico-sdk\src\rp2_common\pico_runtime\runtime.c.obj
 *fill*         0x10005187        0x1 
 .rodata.panic.str1.4
                0x10005188       0x12 CMakeFiles\PicoSomine.dir\C_\Pico\pico-sdk\src\rp2_common\pico_runtime\runtime.c.obj
 *fill*         0x1000519a        0x2 
 .rodata.__func__.2
                0x1000519c        0xd CMakeFiles\PicoSomine.dir\C_\Pico\pico-sdk\src\rp2_common\pico_runtime\runtime.c.obj
 *fill*         0x100051a9        0x3 
 .rodata._ftoa.str1.4
                0x100051ac       0x15 CMakeFiles\PicoSomine.dir\C_\Pico\pico-sdk\src\rp2_common\pico_printf\printf.c.obj
 *fill*         0x100051c1        0x3 
 .rodata._vsnprintf
                0x100051c4      0x1e0 CMakeFiles\PicoSomine.dir\C_\Pico\pico-sdk\src\rp2_common\pico_printf\printf.c.obj
 *fill*         0x100053a4        0x4 
 .rodata.pow10.0
                0x100053a8       0x50 CMakeFiles\PicoSomine.dir\C_\Pico\pico-sdk\src\rp2_common\pico_printf\printf.c.obj
 .rodata.__aeabi_double_init.str1.4
                0x100053f8       0x92 CMakeFiles\PicoSomine.dir\C_\Pico\pico-sdk\src\rp2_common\pico_double\double_init_rom.c.obj
 *fill*         0x1000548a        0x2 
 .rodata.__func__.0
                0x1000548c       0x14 CMakeFiles\PicoSomine.dir\C_\Pico\pico-sdk\src\rp2_common\pico_double\double_init_rom.c.obj
 .rodata.__aeabi_float_init.str1.4
                0x100054a0       0x70 CMakeFiles\PicoSomine.dir\C_\Pico\pico-sdk\src\rp2_common\pico_float\float_init_rom.c.obj
                                 0x74 (size before relaxing)
 .rodata.__func__.0
                0x10005510       0x13 CMakeFiles\PicoSomine.dir\C_\Pico\pico-sdk\src\rp2_common\pico_float\float_init_rom.c.obj
 *fill*         0x10005523        0x1 
 .rodata.str1.4
                0x10005524       0x40 CMakeFiles\PicoSomine.dir\C_\Pico\pico-sdk\src\rp2_common\pico_standard_link\binary_info.c.obj
 .rodata.__bi_44
                0x10005564        0xc CMakeFiles\PicoSomine.dir\C_\Pico\pico-sdk\src\rp2_common\pico_standard_link\binary_info.c.obj
 .rodata.__bi_75
                0x10005570        0xc CMakeFiles\PicoSomine.dir\C_\Pico\pico-sdk\src\rp2_common\pico_standard_link\binary_info.c.obj
 .rodata.__bi_81
                0x1000557c        0xc CMakeFiles\PicoSomine.dir\C_\Pico\pico-sdk\src\rp2_common\pico_standard_link\binary_info.c.obj
 .rodata.stdout_serialize_begin.str1.4
                0x10005588       0x57 CMakeFiles\PicoSomine.dir\C_\Pico\pico-sdk\src\rp2_common\pico_stdio\stdio.c.obj
 .rodata.__func__.3
                0x10005588       0x15 CMakeFiles\PicoSomine.dir\C_\Pico\pico-sdk\src\rp2_common\pico_stdio\stdio.c.obj
 *fill*         0x1000559d        0x3 
 .rodata.crlf_str.2
                0x100055a0        0x2 CMakeFiles\PicoSomine.dir\C_\Pico\pico-sdk\src\rp2_common\pico_stdio\stdio.c.obj
 *fill*         0x100055a2        0x2 
 .rodata.str1.4
                0x100055a4       0x2c CMakeFiles\PicoSomine.dir\C_\Pico\pico-sdk\src\rp2_common\pico_stdio_uart\stdio_uart.c.obj
 .rodata.__bi_33.4
                0x100055d0        0xc CMakeFiles\PicoSomine.dir\C_\Pico\pico-sdk\src\rp2_common\pico_stdio_uart\stdio_uart.c.obj
 .rodata.__bi_34.5
                0x100055dc        0x8 CMakeFiles\PicoSomine.dir\C_\Pico\pico-sdk\src\rp2_common\pico_stdio_uart\stdio_uart.c.obj
                0x100055e4                . = ALIGN (0x4)
 *(SORT_BY_ALIGNMENT(SORT_BY_NAME(.flashdata*)))
                0x100055e4                . = ALIGN (0x4)

.ARM.extab
 *(.ARM.extab* .gnu.linkonce.armextab.*)
                0x100055e4                __exidx_start = .

.ARM.exidx
 *(.ARM.exidx* .gnu.linkonce.armexidx.*)
                0x100055e4                __exidx_end = .
                0x100055e4                . = ALIGN (0x4)
                0x100055e4                __binary_info_start = .

.binary_info    0x100055e4       0x24
 *(.binary_info.keep.*)
 .binary_info.keep.__bi_ptr22
                0x100055e4        0x4 CMakeFiles\PicoSomine.dir\C_\Pico\pico-sdk\src\rp2_common\pico_standard_link\binary_info.c.obj
 .binary_info.keep.__bi_ptr30
                0x100055e8        0x4 CMakeFiles\PicoSomine.dir\C_\Pico\pico-sdk\src\rp2_common\pico_standard_link\binary_info.c.obj
 .binary_info.keep.__bi_ptr38
                0x100055ec        0x4 CMakeFiles\PicoSomine.dir\C_\Pico\pico-sdk\src\rp2_common\pico_standard_link\binary_info.c.obj
 .binary_info.keep.__bi_ptr44
                0x100055f0        0x4 CMakeFiles\PicoSomine.dir\C_\Pico\pico-sdk\src\rp2_common\pico_standard_link\binary_info.c.obj
 .binary_info.keep.__bi_ptr50
                0x100055f4        0x4 CMakeFiles\PicoSomine.dir\C_\Pico\pico-sdk\src\rp2_common\pico_standard_link\binary_info.c.obj
 .binary_info.keep.__bi_ptr75
                0x100055f8        0x4 CMakeFiles\PicoSomine.dir\C_\Pico\pico-sdk\src\rp2_common\pico_standard_link\binary_info.c.obj
 .binary_info.keep.__bi_ptr81
                0x100055fc        0x4 CMakeFiles\PicoSomine.dir\C_\Pico\pico-sdk\src\rp2_common\pico_standard_link\binary_info.c.obj
 *(.binary_info.*)
 .binary_info.__bi_ptr33
                0x10005600        0x4 CMakeFiles\PicoSomine.dir\C_\Pico\pico-sdk\src\rp2_common\pico_stdio_uart\stdio_uart.c.obj
 .binary_info.__bi_ptr34
                0x10005604        0x4 CMakeFiles\PicoSomine.dir\C_\Pico\pico-sdk\src\rp2_common\pico_stdio_uart\stdio_uart.c.obj
                0x10005608                __binary_info_end = .

.rel.dyn        0x10005608        0x0
 .rel.iplt      0x10005608        0x0 c:/progra~2/gnuarm~1/102021~1.10/bin/../lib/gcc/arm-none-eabi/10.3.1/thumb/v6-m/nofp/crtbegin.o
                0x10005608                . = ALIGN (0x4)

.ram_vector_table
                0x20000000       0xc0
 *(.ram_vector_table)
 .ram_vector_table
                0x20000000       0xc0 CMakeFiles\PicoSomine.dir\C_\Pico\pico-sdk\src\rp2_common\pico_runtime\runtime.c.obj
                0x20000000                ram_vector_table

.data           0x200000c0    0x1aff4 load address 0x10005608
                0x200000c0                __data_start__ = .
 *(vtable)
 *(.time_critical*)
 .time_critical.mutex_try_enter
                0x200000c0       0x46 CMakeFiles\PicoSomine.dir\C_\Pico\pico-sdk\src\common\pico_sync\mutex.c.obj
                0x200000c0                mutex_try_enter
 *fill*         0x20000106        0x2 
 .time_critical.mutex_enter_block_until
                0x20000108       0x8c CMakeFiles\PicoSomine.dir\C_\Pico\pico-sdk\src\common\pico_sync\mutex.c.obj
                0x20000108                mutex_enter_block_until
 .time_critical.mutex_try_enter_block_until
                0x20000194       0x34 CMakeFiles\PicoSomine.dir\C_\Pico\pico-sdk\src\common\pico_sync\mutex.c.obj
                0x20000194                mutex_try_enter_block_until
 .time_critical.mutex_exit
                0x200001c8       0x4c CMakeFiles\PicoSomine.dir\C_\Pico\pico-sdk\src\common\pico_sync\mutex.c.obj
                0x200001c8                mutex_exit
 *(.text*)
 .text          0x20000214        0x4 c:/progra~2/gnuarm~1/102021~1.10/bin/../lib/gcc/arm-none-eabi/10.3.1/thumb/v6-m/nofp\libgcc.a(_dvmd_tls.o)
                0x20000214                __aeabi_idiv0
                0x20000214                __aeabi_ldiv0
 .text.__stub   0x20000218       0x20 linker stubs
                0x20000238                . = ALIGN (0x4)
 *(.rodata*)
                0x20000238                . = ALIGN (0x4)
 *(.data*)
 .data.WAV_DATA
                0x20000238    0x1adb1 CMakeFiles\PicoSomine.dir\PicoSomine.c.obj
                0x20000238                WAV_DATA
 .data.striped_spin_lock_num
                0x2001afe9        0x1 CMakeFiles\PicoSomine.dir\C_\Pico\pico-sdk\src\rp2_common\hardware_sync\sync.c.obj
 *fill*         0x2001afea        0x2 
 .data          0x2001afec       0x48 CMakeFiles\PicoSomine.dir\C_\Pico\pico-sdk\src\rp2_common\hardware_irq\irq_handler_chain.S.obj
                0x2001afec                irq_handler_chain_slots
                0x2001b01c                irq_handler_chain_first_slot
                0x2001b026                irq_handler_chain_remove_tail
 .data.default_alarm_pool
                0x2001b034       0x18 CMakeFiles\PicoSomine.dir\C_\Pico\pico-sdk\src\common\pico_time\time.c.obj
 .data.default_alarm_pool_heap
                0x2001b04c       0x10 CMakeFiles\PicoSomine.dir\C_\Pico\pico-sdk\src\common\pico_time\time.c.obj
 *fill*         0x2001b05c        0x4 
 .data.aeabi_bits_funcs
                0x2001b060       0x10 CMakeFiles\PicoSomine.dir\C_\Pico\pico-sdk\src\rp2_common\pico_bit_ops\bit_ops_aeabi.S.obj
                0x2001b060                aeabi_bits_funcs
                0x2001b070                aeabi_bits_funcs_end
 .data.aeabi_mem_funcs
                0x2001b070       0x10 CMakeFiles\PicoSomine.dir\C_\Pico\pico-sdk\src\rp2_common\pico_mem_ops\mem_ops_aeabi.S.obj
                0x2001b070                aeabi_mem_funcs
                0x2001b080                aeabi_mem_funcs_end
 .data.stdio_uart
                0x2001b080       0x18 CMakeFiles\PicoSomine.dir\C_\Pico\pico-sdk\src\rp2_common\pico_stdio_uart\stdio_uart.c.obj
                0x2001b080                stdio_uart
                0x2001b098                . = ALIGN (0x4)
 *(.after_data.*)
                0x2001b098                . = ALIGN (0x4)
                0x2001b098                PROVIDE (__mutex_array_start = .)
 *(SORT_BY_NAME(.mutex_array.*))
 *(.mutex_array)
 .mutex_array   0x2001b098        0x8 CMakeFiles\PicoSomine.dir\C_\Pico\pico-sdk\src\rp2_common\pico_stdio\stdio.c.obj
                0x2001b0a0                PROVIDE (__mutex_array_end = .)
                0x2001b0a0                . = ALIGN (0x4)
                0x2001b0a0                PROVIDE (__preinit_array_start = .)
 *(SORT_BY_NAME(.preinit_array.*))
 .preinit_array.00001
                0x2001b0a0        0x4 CMakeFiles\PicoSomine.dir\C_\Pico\pico-sdk\src\rp2_common\pico_mem_ops\mem_ops_aeabi.S.obj
 .preinit_array.00010
                0x2001b0a4        0x4 CMakeFiles\PicoSomine.dir\C_\Pico\pico-sdk\src\rp2_common\pico_bit_ops\bit_ops_aeabi.S.obj
 .preinit_array.00020
                0x2001b0a8        0x4 CMakeFiles\PicoSomine.dir\C_\Pico\pico-sdk\src\rp2_common\pico_double\double_aeabi.S.obj
 .preinit_array.00020
                0x2001b0ac        0x4 CMakeFiles\PicoSomine.dir\C_\Pico\pico-sdk\src\rp2_common\pico_float\float_aeabi.S.obj
 *(.preinit_array)
                0x2001b0b0                PROVIDE (__preinit_array_end = .)
                0x2001b0b0                . = ALIGN (0x4)
                0x2001b0b0                PROVIDE (__init_array_start = .)
 *(SORT_BY_NAME(.init_array.*))
 *(.init_array)
 .init_array    0x2001b0b0        0x4 c:/progra~2/gnuarm~1/102021~1.10/bin/../lib/gcc/arm-none-eabi/10.3.1/thumb/v6-m/nofp/crtbegin.o
                0x2001b0b4                PROVIDE (__init_array_end = .)
                0x2001b0b4                . = ALIGN (0x4)
                [!provide]                PROVIDE (__fini_array_start = .)
 *(SORT_BY_NAME(.fini_array.*))
 *(.fini_array)
                [!provide]                PROVIDE (__fini_array_end = .)
 *(.jcr)
                0x2001b0b4                . = ALIGN (0x4)
                0x2001b0b4                __data_end__ = .
                0x10005608                __etext = LOADADDR (.data)

.igot.plt       0x2001b0b4        0x0 load address 0x100205fc
 .igot.plt      0x2001b0b4        0x0 c:/progra~2/gnuarm~1/102021~1.10/bin/../lib/gcc/arm-none-eabi/10.3.1/thumb/v6-m/nofp/crtbegin.o

.uninitialized_data
                0x2001b0b4        0x0 load address 0x100205fc
                0x2001b0b4                . = ALIGN (0x4)
 *(.uninitialized_data*)

.scratch_x      0x20040000        0x0 load address 0x100205fc
                0x20040000                __scratch_x_start__ = .
 *(.scratch_x.*)
                0x20040000                . = ALIGN (0x4)
                0x20040000                __scratch_x_end__ = .
                0x100205fc                __scratch_x_source__ = LOADADDR (.scratch_x)

.scratch_y      0x20041000        0x0 load address 0x100205fc
                0x20041000                __scratch_y_start__ = .
 *(.scratch_y.*)
                0x20041000                . = ALIGN (0x4)
                0x20041000                __scratch_y_end__ = .
                0x100205fc                __scratch_y_source__ = LOADADDR (.scratch_y)

.bss            0x2001b0b8      0x3dc
                0x2001b0b8                . = ALIGN (0x4)
                0x2001b0b8                __bss_start__ = .
 *(SORT_BY_ALIGNMENT(SORT_BY_NAME(.bss*)))
 .bss.default_alarm_pool_entries
                0x2001b0b8      0x100 CMakeFiles\PicoSomine.dir\C_\Pico\pico-sdk\src\common\pico_time\time.c.obj
 .bss           0x2001b1b8       0x1c c:/progra~2/gnuarm~1/102021~1.10/bin/../lib/gcc/arm-none-eabi/10.3.1/thumb/v6-m/nofp/crtbegin.o
 .bss.alarm_callbacks
                0x2001b1d4       0x10 CMakeFiles\PicoSomine.dir\C_\Pico\pico-sdk\src\rp2_common\hardware_timer\timer.c.obj
 .bss.chars_available_callback
                0x2001b1e4        0x4 CMakeFiles\PicoSomine.dir\C_\Pico\pico-sdk\src\rp2_common\pico_stdio_uart\stdio_uart.c.obj
 .bss.chars_available_param
                0x2001b1e8        0x4 CMakeFiles\PicoSomine.dir\C_\Pico\pico-sdk\src\rp2_common\pico_stdio_uart\stdio_uart.c.obj
 .bss.configured_freq
                0x2001b1ec       0x28 CMakeFiles\PicoSomine.dir\C_\Pico\pico-sdk\src\rp2_common\hardware_clocks\clocks.c.obj
 .bss.default_alarm_pool_entry_ids_high
                0x2001b214       0x10 CMakeFiles\PicoSomine.dir\C_\Pico\pico-sdk\src\common\pico_time\time.c.obj
 .bss.default_alarm_pool_heap_nodes
                0x2001b224       0x30 CMakeFiles\PicoSomine.dir\C_\Pico\pico-sdk\src\common\pico_time\time.c.obj
 .bss.drivers   0x2001b254        0x4 CMakeFiles\PicoSomine.dir\C_\Pico\pico-sdk\src\rp2_common\pico_stdio\stdio.c.obj
 .bss.filter    0x2001b258        0x4 CMakeFiles\PicoSomine.dir\C_\Pico\pico-sdk\src\rp2_common\pico_stdio\stdio.c.obj
 .bss.pools     0x2001b25c       0x10 CMakeFiles\PicoSomine.dir\C_\Pico\pico-sdk\src\common\pico_time\time.c.obj
 .bss.sd_table  0x2001b26c      0x100 CMakeFiles\PicoSomine.dir\C_\Pico\pico-sdk\src\rp2_common\pico_double\double_init_rom.c.obj
                0x2001b26c                sd_table
 .bss.sf_clz_func
                0x2001b36c        0x4 CMakeFiles\PicoSomine.dir\C_\Pico\pico-sdk\src\rp2_common\pico_double\double_init_rom.c.obj
                0x2001b36c                sf_clz_func
 .bss.sf_table  0x2001b370      0x100 CMakeFiles\PicoSomine.dir\C_\Pico\pico-sdk\src\rp2_common\pico_float\float_init_rom.c.obj
                0x2001b370                sf_table
 .bss.sleep_notifier
                0x2001b470        0x4 CMakeFiles\PicoSomine.dir\C_\Pico\pico-sdk\src\common\pico_time\time.c.obj
 .bss.target_hi
                0x2001b474       0x10 CMakeFiles\PicoSomine.dir\C_\Pico\pico-sdk\src\rp2_common\hardware_timer\timer.c.obj
 .bss.uart_char_to_line_feed
                0x2001b484        0x4 CMakeFiles\PicoSomine.dir\C_\Pico\pico-sdk\src\rp2_common\hardware_uart\uart.c.obj
                0x2001b484                uart_char_to_line_feed
 .bss.uart_instance
                0x2001b488        0x4 CMakeFiles\PicoSomine.dir\C_\Pico\pico-sdk\src\rp2_common\pico_stdio_uart\stdio_uart.c.obj
 .bss.wav_position
                0x2001b48c        0x4 CMakeFiles\PicoSomine.dir\PicoSomine.c.obj
                0x2001b48c                wav_position
 .bss.claimed   0x2001b490        0x1 CMakeFiles\PicoSomine.dir\C_\Pico\pico-sdk\src\rp2_common\hardware_timer\timer.c.obj
 .bss.irq_hander_chain_free_slot_head
                0x2001b491        0x1 CMakeFiles\PicoSomine.dir\C_\Pico\pico-sdk\src\rp2_common\hardware_irq\irq.c.obj
 .bss.timer_callbacks_pending
                0x2001b492        0x1 CMakeFiles\PicoSomine.dir\C_\Pico\pico-sdk\src\rp2_common\hardware_timer\timer.c.obj
 *(COMMON)
                0x2001b494                . = ALIGN (0x4)
 *fill*         0x2001b493        0x1 
                0x2001b494                __bss_end__ = .

.heap           0x2001b494      0x800
                0x2001b494                __end__ = .
                0x2001b494                end = __end__
 *(.heap*)
 .heap          0x2001b494      0x800 CMakeFiles\PicoSomine.dir\C_\Pico\pico-sdk\src\rp2_common\pico_standard_link\crt0.S.obj
                0x2001bc94                __HeapLimit = .

.stack1_dummy   0x20040000        0x0
 *(.stack1*)

.stack_dummy    0x20041000      0x800
 *(.stack*)
 .stack         0x20041000      0x800 CMakeFiles\PicoSomine.dir\C_\Pico\pico-sdk\src\rp2_common\pico_standard_link\crt0.S.obj

.flash_end      0x100205fc        0x0
                0x100205fc                PROVIDE (__flash_binary_end = .)
                0x20040000                __StackLimit = (ORIGIN (RAM) + LENGTH (RAM))
                0x20041000                __StackOneTop = (ORIGIN (SCRATCH_X) + LENGTH (SCRATCH_X))
                0x20042000                __StackTop = (ORIGIN (SCRATCH_Y) + LENGTH (SCRATCH_Y))
                0x20041000                __StackOneBottom = (__StackOneTop - SIZEOF (.stack1_dummy))
                0x20041800                __StackBottom = (__StackTop - SIZEOF (.stack_dummy))
                0x20042000                PROVIDE (__stack = __StackTop)
                0x00000001                ASSERT ((__StackLimit >= __HeapLimit), region RAM overflowed)
                0x00000001                ASSERT (((__binary_info_header_end - __logical_binary_start) <= 0x100), Binary info must be in first 256 bytes of the binary)
LOAD CMakeFiles\PicoSomine.dir\PicoSomine.c.obj
LOAD CMakeFiles\PicoSomine.dir\C_\Pico\pico-sdk\src\rp2_common\pico_stdlib\stdlib.c.obj
LOAD CMakeFiles\PicoSomine.dir\C_\Pico\pico-sdk\src\rp2_common\hardware_gpio\gpio.c.obj
LOAD CMakeFiles\PicoSomine.dir\C_\Pico\pico-sdk\src\rp2_common\pico_platform\platform.c.obj
LOAD CMakeFiles\PicoSomine.dir\C_\Pico\pico-sdk\src\rp2_common\hardware_claim\claim.c.obj
LOAD CMakeFiles\PicoSomine.dir\C_\Pico\pico-sdk\src\rp2_common\hardware_sync\sync.c.obj
LOAD CMakeFiles\PicoSomine.dir\C_\Pico\pico-sdk\src\rp2_common\hardware_irq\irq.c.obj
LOAD CMakeFiles\PicoSomine.dir\C_\Pico\pico-sdk\src\rp2_common\hardware_irq\irq_handler_chain.S.obj
LOAD CMakeFiles\PicoSomine.dir\C_\Pico\pico-sdk\src\common\pico_sync\sem.c.obj
LOAD CMakeFiles\PicoSomine.dir\C_\Pico\pico-sdk\src\common\pico_sync\lock_core.c.obj
LOAD CMakeFiles\PicoSomine.dir\C_\Pico\pico-sdk\src\common\pico_sync\mutex.c.obj
LOAD CMakeFiles\PicoSomine.dir\C_\Pico\pico-sdk\src\common\pico_sync\critical_section.c.obj
LOAD CMakeFiles\PicoSomine.dir\C_\Pico\pico-sdk\src\common\pico_time\time.c.obj
LOAD CMakeFiles\PicoSomine.dir\C_\Pico\pico-sdk\src\common\pico_time\timeout_helper.c.obj
LOAD CMakeFiles\PicoSomine.dir\C_\Pico\pico-sdk\src\rp2_common\hardware_timer\timer.c.obj
LOAD CMakeFiles\PicoSomine.dir\C_\Pico\pico-sdk\src\common\pico_util\datetime.c.obj
LOAD CMakeFiles\PicoSomine.dir\C_\Pico\pico-sdk\src\common\pico_util\pheap.c.obj
LOAD CMakeFiles\PicoSomine.dir\C_\Pico\pico-sdk\src\common\pico_util\queue.c.obj
LOAD CMakeFiles\PicoSomine.dir\C_\Pico\pico-sdk\src\rp2_common\hardware_uart\uart.c.obj
LOAD CMakeFiles\PicoSomine.dir\C_\Pico\pico-sdk\src\rp2_common\hardware_clocks\clocks.c.obj
LOAD CMakeFiles\PicoSomine.dir\C_\Pico\pico-sdk\src\rp2_common\hardware_pll\pll.c.obj
LOAD CMakeFiles\PicoSomine.dir\C_\Pico\pico-sdk\src\rp2_common\hardware_vreg\vreg.c.obj
LOAD CMakeFiles\PicoSomine.dir\C_\Pico\pico-sdk\src\rp2_common\hardware_watchdog\watchdog.c.obj
LOAD CMakeFiles\PicoSomine.dir\C_\Pico\pico-sdk\src\rp2_common\hardware_xosc\xosc.c.obj
LOAD CMakeFiles\PicoSomine.dir\C_\Pico\pico-sdk\src\rp2_common\hardware_divider\divider.S.obj
LOAD CMakeFiles\PicoSomine.dir\C_\Pico\pico-sdk\src\rp2_common\pico_runtime\runtime.c.obj
LOAD CMakeFiles\PicoSomine.dir\C_\Pico\pico-sdk\src\rp2_common\pico_printf\printf.c.obj
LOAD CMakeFiles\PicoSomine.dir\C_\Pico\pico-sdk\src\rp2_common\pico_bit_ops\bit_ops_aeabi.S.obj
LOAD CMakeFiles\PicoSomine.dir\C_\Pico\pico-sdk\src\rp2_common\pico_bootrom\bootrom.c.obj
LOAD CMakeFiles\PicoSomine.dir\C_\Pico\pico-sdk\src\rp2_common\pico_divider\divider.S.obj
LOAD CMakeFiles\PicoSomine.dir\C_\Pico\pico-sdk\src\rp2_common\pico_double\double_aeabi.S.obj
LOAD CMakeFiles\PicoSomine.dir\C_\Pico\pico-sdk\src\rp2_common\pico_double\double_init_rom.c.obj
LOAD CMakeFiles\PicoSomine.dir\C_\Pico\pico-sdk\src\rp2_common\pico_double\double_math.c.obj
LOAD CMakeFiles\PicoSomine.dir\C_\Pico\pico-sdk\src\rp2_common\pico_double\double_v1_rom_shim.S.obj
LOAD CMakeFiles\PicoSomine.dir\C_\Pico\pico-sdk\src\rp2_common\pico_int64_ops\pico_int64_ops_aeabi.S.obj
LOAD CMakeFiles\PicoSomine.dir\C_\Pico\pico-sdk\src\rp2_common\pico_float\float_aeabi.S.obj
LOAD CMakeFiles\PicoSomine.dir\C_\Pico\pico-sdk\src\rp2_common\pico_float\float_init_rom.c.obj
LOAD CMakeFiles\PicoSomine.dir\C_\Pico\pico-sdk\src\rp2_common\pico_float\float_math.c.obj
LOAD CMakeFiles\PicoSomine.dir\C_\Pico\pico-sdk\src\rp2_common\pico_float\float_v1_rom_shim.S.obj
LOAD CMakeFiles\PicoSomine.dir\C_\Pico\pico-sdk\src\rp2_common\pico_malloc\pico_malloc.c.obj
LOAD CMakeFiles\PicoSomine.dir\C_\Pico\pico-sdk\src\rp2_common\pico_mem_ops\mem_ops_aeabi.S.obj
LOAD CMakeFiles\PicoSomine.dir\C_\Pico\pico-sdk\src\rp2_common\pico_standard_link\crt0.S.obj
LOAD CMakeFiles\PicoSomine.dir\C_\Pico\pico-sdk\src\rp2_common\pico_standard_link\new_delete.cpp.obj
LOAD CMakeFiles\PicoSomine.dir\C_\Pico\pico-sdk\src\rp2_common\pico_standard_link\binary_info.c.obj
LOAD CMakeFiles\PicoSomine.dir\C_\Pico\pico-sdk\src\rp2_common\pico_stdio\stdio.c.obj
LOAD CMakeFiles\PicoSomine.dir\C_\Pico\pico-sdk\src\rp2_common\pico_stdio_uart\stdio_uart.c.obj
LOAD C:\Users\entsis\AppData\Local\Temp\ccCX9GBt.o
LOAD c:/progra~2/gnuarm~1/102021~1.10/bin/../lib/gcc/arm-none-eabi/10.3.1/../../../../arm-none-eabi/lib/thumb/v6-m/nofp\libstdc++.a
LOAD c:/progra~2/gnuarm~1/102021~1.10/bin/../lib/gcc/arm-none-eabi/10.3.1/../../../../arm-none-eabi/lib/thumb/v6-m/nofp\libm.a
START GROUP
LOAD c:/progra~2/gnuarm~1/102021~1.10/bin/../lib/gcc/arm-none-eabi/10.3.1/thumb/v6-m/nofp\libgcc.a
LOAD c:/progra~2/gnuarm~1/102021~1.10/bin/../lib/gcc/arm-none-eabi/10.3.1/../../../../arm-none-eabi/lib/thumb/v6-m/nofp\libg.a
LOAD c:/progra~2/gnuarm~1/102021~1.10/bin/../lib/gcc/arm-none-eabi/10.3.1/../../../../arm-none-eabi/lib/thumb/v6-m/nofp\libc.a
END GROUP
START GROUP
LOAD c:/progra~2/gnuarm~1/102021~1.10/bin/../lib/gcc/arm-none-eabi/10.3.1/thumb/v6-m/nofp\libgcc.a
LOAD c:/progra~2/gnuarm~1/102021~1.10/bin/../lib/gcc/arm-none-eabi/10.3.1/../../../../arm-none-eabi/lib/thumb/v6-m/nofp\libc.a
LOAD c:/progra~2/gnuarm~1/102021~1.10/bin/../lib/gcc/arm-none-eabi/10.3.1/../../../../arm-none-eabi/lib/thumb/v6-m/nofp\libnosys.a
END GROUP
LOAD c:/progra~2/gnuarm~1/102021~1.10/bin/../lib/gcc/arm-none-eabi/10.3.1/thumb/v6-m/nofp/crtend.o
LOAD c:/progra~2/gnuarm~1/102021~1.10/bin/../lib/gcc/arm-none-eabi/10.3.1/thumb/v6-m/nofp/crtn.o
OUTPUT(PicoSomine.elf elf32-littlearm)
LOAD linker stubs

.ARM.attributes
                0x00000000       0x28
 .ARM.attributes
                0x00000000       0x1e c:/progra~2/gnuarm~1/102021~1.10/bin/../lib/gcc/arm-none-eabi/10.3.1/thumb/v6-m/nofp/crti.o
 .ARM.attributes
                0x0000001e       0x2c c:/progra~2/gnuarm~1/102021~1.10/bin/../lib/gcc/arm-none-eabi/10.3.1/thumb/v6-m/nofp/crtbegin.o
 .ARM.attributes
                0x0000004a       0x2c CMakeFiles\PicoSomine.dir\PicoSomine.c.obj
 .ARM.attributes
                0x00000076       0x2c CMakeFiles\PicoSomine.dir\C_\Pico\pico-sdk\src\rp2_common\pico_stdlib\stdlib.c.obj
 .ARM.attributes
                0x000000a2       0x2c CMakeFiles\PicoSomine.dir\C_\Pico\pico-sdk\src\rp2_common\hardware_gpio\gpio.c.obj
 .ARM.attributes
                0x000000ce       0x2c CMakeFiles\PicoSomine.dir\C_\Pico\pico-sdk\src\rp2_common\pico_platform\platform.c.obj
 .ARM.attributes
                0x000000fa       0x2c CMakeFiles\PicoSomine.dir\C_\Pico\pico-sdk\src\rp2_common\hardware_claim\claim.c.obj
 .ARM.attributes
                0x00000126       0x2c CMakeFiles\PicoSomine.dir\C_\Pico\pico-sdk\src\rp2_common\hardware_sync\sync.c.obj
 .ARM.attributes
                0x00000152       0x2c CMakeFiles\PicoSomine.dir\C_\Pico\pico-sdk\src\rp2_common\hardware_irq\irq.c.obj
 .ARM.attributes
                0x0000017e       0x22 CMakeFiles\PicoSomine.dir\C_\Pico\pico-sdk\src\rp2_common\hardware_irq\irq_handler_chain.S.obj
 .ARM.attributes
                0x000001a0       0x2c CMakeFiles\PicoSomine.dir\C_\Pico\pico-sdk\src\common\pico_sync\lock_core.c.obj
 .ARM.attributes
                0x000001cc       0x2c CMakeFiles\PicoSomine.dir\C_\Pico\pico-sdk\src\common\pico_sync\mutex.c.obj
 .ARM.attributes
                0x000001f8       0x2c CMakeFiles\PicoSomine.dir\C_\Pico\pico-sdk\src\common\pico_time\time.c.obj
 .ARM.attributes
                0x00000224       0x2c CMakeFiles\PicoSomine.dir\C_\Pico\pico-sdk\src\rp2_common\hardware_timer\timer.c.obj
 .ARM.attributes
                0x00000250       0x2c CMakeFiles\PicoSomine.dir\C_\Pico\pico-sdk\src\common\pico_util\pheap.c.obj
 .ARM.attributes
                0x0000027c       0x2c CMakeFiles\PicoSomine.dir\C_\Pico\pico-sdk\src\rp2_common\hardware_uart\uart.c.obj
 .ARM.attributes
                0x000002a8       0x2c CMakeFiles\PicoSomine.dir\C_\Pico\pico-sdk\src\rp2_common\hardware_clocks\clocks.c.obj
 .ARM.attributes
                0x000002d4       0x2c CMakeFiles\PicoSomine.dir\C_\Pico\pico-sdk\src\rp2_common\hardware_pll\pll.c.obj
 .ARM.attributes
                0x00000300       0x2c CMakeFiles\PicoSomine.dir\C_\Pico\pico-sdk\src\rp2_common\hardware_watchdog\watchdog.c.obj
 .ARM.attributes
                0x0000032c       0x2c CMakeFiles\PicoSomine.dir\C_\Pico\pico-sdk\src\rp2_common\hardware_xosc\xosc.c.obj
 .ARM.attributes
                0x00000358       0x2c CMakeFiles\PicoSomine.dir\C_\Pico\pico-sdk\src\rp2_common\pico_runtime\runtime.c.obj
 .ARM.attributes
                0x00000384       0x2c CMakeFiles\PicoSomine.dir\C_\Pico\pico-sdk\src\rp2_common\pico_printf\printf.c.obj
 .ARM.attributes
                0x000003b0       0x22 CMakeFiles\PicoSomine.dir\C_\Pico\pico-sdk\src\rp2_common\pico_bit_ops\bit_ops_aeabi.S.obj
 .ARM.attributes
                0x000003d2       0x2c CMakeFiles\PicoSomine.dir\C_\Pico\pico-sdk\src\rp2_common\pico_bootrom\bootrom.c.obj
 .ARM.attributes
                0x000003fe       0x22 CMakeFiles\PicoSomine.dir\C_\Pico\pico-sdk\src\rp2_common\pico_divider\divider.S.obj
 .ARM.attributes
                0x00000420       0x22 CMakeFiles\PicoSomine.dir\C_\Pico\pico-sdk\src\rp2_common\pico_double\double_aeabi.S.obj
 .ARM.attributes
                0x00000442       0x2c CMakeFiles\PicoSomine.dir\C_\Pico\pico-sdk\src\rp2_common\pico_double\double_init_rom.c.obj
 .ARM.attributes
                0x0000046e       0x22 CMakeFiles\PicoSomine.dir\C_\Pico\pico-sdk\src\rp2_common\pico_double\double_v1_rom_shim.S.obj
 .ARM.attributes
                0x00000490       0x22 CMakeFiles\PicoSomine.dir\C_\Pico\pico-sdk\src\rp2_common\pico_float\float_aeabi.S.obj
 .ARM.attributes
                0x000004b2       0x2c CMakeFiles\PicoSomine.dir\C_\Pico\pico-sdk\src\rp2_common\pico_float\float_init_rom.c.obj
 .ARM.attributes
                0x000004de       0x22 CMakeFiles\PicoSomine.dir\C_\Pico\pico-sdk\src\rp2_common\pico_float\float_v1_rom_shim.S.obj
 .ARM.attributes
                0x00000500       0x22 CMakeFiles\PicoSomine.dir\C_\Pico\pico-sdk\src\rp2_common\pico_mem_ops\mem_ops_aeabi.S.obj
 .ARM.attributes
                0x00000522       0x22 CMakeFiles\PicoSomine.dir\C_\Pico\pico-sdk\src\rp2_common\pico_standard_link\crt0.S.obj
 .ARM.attributes
                0x00000544       0x2c CMakeFiles\PicoSomine.dir\C_\Pico\pico-sdk\src\rp2_common\pico_standard_link\binary_info.c.obj
 .ARM.attributes
                0x00000570       0x2c CMakeFiles\PicoSomine.dir\C_\Pico\pico-sdk\src\rp2_common\pico_stdio\stdio.c.obj
 .ARM.attributes
                0x0000059c       0x2c CMakeFiles\PicoSomine.dir\C_\Pico\pico-sdk\src\rp2_common\pico_stdio_uart\stdio_uart.c.obj
 .ARM.attributes
                0x000005c8       0x22 C:\Users\entsis\AppData\Local\Temp\ccCX9GBt.o
 .ARM.attributes
                0x000005ea       0x1e c:/progra~2/gnuarm~1/102021~1.10/bin/../lib/gcc/arm-none-eabi/10.3.1/thumb/v6-m/nofp\libgcc.a(_dvmd_tls.o)
 .ARM.attributes
                0x00000608       0x2c c:/progra~2/gnuarm~1/102021~1.10/bin/../lib/gcc/arm-none-eabi/10.3.1/../../../../arm-none-eabi/lib/thumb/v6-m/nofp\libg.a(lib_a-strlen-stub.o)

.comment        0x00000000       0x49
 .comment       0x00000000       0x49 CMakeFiles\PicoSomine.dir\PicoSomine.c.obj
                                 0x4a (size before relaxing)
 .comment       0x00000049       0x4a CMakeFiles\PicoSomine.dir\C_\Pico\pico-sdk\src\rp2_common\pico_stdlib\stdlib.c.obj
 .comment       0x00000049       0x4a CMakeFiles\PicoSomine.dir\C_\Pico\pico-sdk\src\rp2_common\hardware_gpio\gpio.c.obj
 .comment       0x00000049       0x4a CMakeFiles\PicoSomine.dir\C_\Pico\pico-sdk\src\rp2_common\pico_platform\platform.c.obj
 .comment       0x00000049       0x4a CMakeFiles\PicoSomine.dir\C_\Pico\pico-sdk\src\rp2_common\hardware_claim\claim.c.obj
 .comment       0x00000049       0x4a CMakeFiles\PicoSomine.dir\C_\Pico\pico-sdk\src\rp2_common\hardware_sync\sync.c.obj
 .comment       0x00000049       0x4a CMakeFiles\PicoSomine.dir\C_\Pico\pico-sdk\src\rp2_common\hardware_irq\irq.c.obj
 .comment       0x00000049       0x4a CMakeFiles\PicoSomine.dir\C_\Pico\pico-sdk\src\common\pico_sync\lock_core.c.obj
 .comment       0x00000049       0x4a CMakeFiles\PicoSomine.dir\C_\Pico\pico-sdk\src\common\pico_sync\mutex.c.obj
 .comment       0x00000049       0x4a CMakeFiles\PicoSomine.dir\C_\Pico\pico-sdk\src\common\pico_time\time.c.obj
 .comment       0x00000049       0x4a CMakeFiles\PicoSomine.dir\C_\Pico\pico-sdk\src\rp2_common\hardware_timer\timer.c.obj
 .comment       0x00000049       0x4a CMakeFiles\PicoSomine.dir\C_\Pico\pico-sdk\src\common\pico_util\pheap.c.obj
 .comment       0x00000049       0x4a CMakeFiles\PicoSomine.dir\C_\Pico\pico-sdk\src\rp2_common\hardware_uart\uart.c.obj
 .comment       0x00000049       0x4a CMakeFiles\PicoSomine.dir\C_\Pico\pico-sdk\src\rp2_common\hardware_clocks\clocks.c.obj
 .comment       0x00000049       0x4a CMakeFiles\PicoSomine.dir\C_\Pico\pico-sdk\src\rp2_common\hardware_pll\pll.c.obj
 .comment       0x00000049       0x4a CMakeFiles\PicoSomine.dir\C_\Pico\pico-sdk\src\rp2_common\hardware_watchdog\watchdog.c.obj
 .comment       0x00000049       0x4a CMakeFiles\PicoSomine.dir\C_\Pico\pico-sdk\src\rp2_common\hardware_xosc\xosc.c.obj
 .comment       0x00000049       0x4a CMakeFiles\PicoSomine.dir\C_\Pico\pico-sdk\src\rp2_common\pico_runtime\runtime.c.obj
 .comment       0x00000049       0x4a CMakeFiles\PicoSomine.dir\C_\Pico\pico-sdk\src\rp2_common\pico_printf\printf.c.obj
 .comment       0x00000049       0x4a CMakeFiles\PicoSomine.dir\C_\Pico\pico-sdk\src\rp2_common\pico_bootrom\bootrom.c.obj
 .comment       0x00000049       0x4a CMakeFiles\PicoSomine.dir\C_\Pico\pico-sdk\src\rp2_common\pico_double\double_init_rom.c.obj
 .comment       0x00000049       0x4a CMakeFiles\PicoSomine.dir\C_\Pico\pico-sdk\src\rp2_common\pico_float\float_init_rom.c.obj
 .comment       0x00000049       0x4a CMakeFiles\PicoSomine.dir\C_\Pico\pico-sdk\src\rp2_common\pico_standard_link\binary_info.c.obj
 .comment       0x00000049       0x4a CMakeFiles\PicoSomine.dir\C_\Pico\pico-sdk\src\rp2_common\pico_stdio\stdio.c.obj
 .comment       0x00000049       0x4a CMakeFiles\PicoSomine.dir\C_\Pico\pico-sdk\src\rp2_common\pico_stdio_uart\stdio_uart.c.obj

.debug_info     0x00000000    0x1666b
 .debug_info    0x00000000      0xc77 CMakeFiles\PicoSomine.dir\PicoSomine.c.obj
 .debug_info    0x00000c77      0x4b0 CMakeFiles\PicoSomine.dir\C_\Pico\pico-sdk\src\rp2_common\pico_stdlib\stdlib.c.obj
 .debug_info    0x00001127     0x187e CMakeFiles\PicoSomine.dir\C_\Pico\pico-sdk\src\rp2_common\hardware_gpio\gpio.c.obj
 .debug_info    0x000029a5      0x1e3 CMakeFiles\PicoSomine.dir\C_\Pico\pico-sdk\src\rp2_common\pico_platform\platform.c.obj
 .debug_info    0x00002b88      0x6be CMakeFiles\PicoSomine.dir\C_\Pico\pico-sdk\src\rp2_common\hardware_claim\claim.c.obj
 .debug_info    0x00003246      0x58e CMakeFiles\PicoSomine.dir\C_\Pico\pico-sdk\src\rp2_common\hardware_sync\sync.c.obj
 .debug_info    0x000037d4     0x1c9e CMakeFiles\PicoSomine.dir\C_\Pico\pico-sdk\src\rp2_common\hardware_irq\irq.c.obj
 .debug_info    0x00005472      0x1a4 CMakeFiles\PicoSomine.dir\C_\Pico\pico-sdk\src\common\pico_sync\lock_core.c.obj
 .debug_info    0x00005616     0x20d5 CMakeFiles\PicoSomine.dir\C_\Pico\pico-sdk\src\common\pico_sync\mutex.c.obj
 .debug_info    0x000076eb     0x4068 CMakeFiles\PicoSomine.dir\C_\Pico\pico-sdk\src\common\pico_time\time.c.obj
 .debug_info    0x0000b753     0x13f0 CMakeFiles\PicoSomine.dir\C_\Pico\pico-sdk\src\rp2_common\hardware_timer\timer.c.obj
 .debug_info    0x0000cb43     0x123b CMakeFiles\PicoSomine.dir\C_\Pico\pico-sdk\src\common\pico_util\pheap.c.obj
 .debug_info    0x0000dd7e      0xdd2 CMakeFiles\PicoSomine.dir\C_\Pico\pico-sdk\src\rp2_common\hardware_uart\uart.c.obj
 .debug_info    0x0000eb50      0xfcf CMakeFiles\PicoSomine.dir\C_\Pico\pico-sdk\src\rp2_common\hardware_clocks\clocks.c.obj
 .debug_info    0x0000fb1f      0x51b CMakeFiles\PicoSomine.dir\C_\Pico\pico-sdk\src\rp2_common\hardware_pll\pll.c.obj
 .debug_info    0x0001003a      0x4ee CMakeFiles\PicoSomine.dir\C_\Pico\pico-sdk\src\rp2_common\hardware_watchdog\watchdog.c.obj
 .debug_info    0x00010528      0x1d8 CMakeFiles\PicoSomine.dir\C_\Pico\pico-sdk\src\rp2_common\hardware_xosc\xosc.c.obj
 .debug_info    0x00010700     0x1053 CMakeFiles\PicoSomine.dir\C_\Pico\pico-sdk\src\rp2_common\pico_runtime\runtime.c.obj
 .debug_info    0x00011753     0x1a5f CMakeFiles\PicoSomine.dir\C_\Pico\pico-sdk\src\rp2_common\pico_printf\printf.c.obj
 .debug_info    0x000131b2       0x22 CMakeFiles\PicoSomine.dir\C_\Pico\pico-sdk\src\rp2_common\pico_bit_ops\bit_ops_aeabi.S.obj
 .debug_info    0x000131d4      0x27c CMakeFiles\PicoSomine.dir\C_\Pico\pico-sdk\src\rp2_common\pico_bootrom\bootrom.c.obj
 .debug_info    0x00013450       0x22 CMakeFiles\PicoSomine.dir\C_\Pico\pico-sdk\src\rp2_common\pico_divider\divider.S.obj
 .debug_info    0x00013472       0x22 CMakeFiles\PicoSomine.dir\C_\Pico\pico-sdk\src\rp2_common\pico_double\double_aeabi.S.obj
 .debug_info    0x00013494      0x2d1 CMakeFiles\PicoSomine.dir\C_\Pico\pico-sdk\src\rp2_common\pico_double\double_init_rom.c.obj
 .debug_info    0x00013765       0x22 CMakeFiles\PicoSomine.dir\C_\Pico\pico-sdk\src\rp2_common\pico_double\double_v1_rom_shim.S.obj
 .debug_info    0x00013787       0x22 CMakeFiles\PicoSomine.dir\C_\Pico\pico-sdk\src\rp2_common\pico_float\float_aeabi.S.obj
 .debug_info    0x000137a9      0x2eb CMakeFiles\PicoSomine.dir\C_\Pico\pico-sdk\src\rp2_common\pico_float\float_init_rom.c.obj
 .debug_info    0x00013a94       0x22 CMakeFiles\PicoSomine.dir\C_\Pico\pico-sdk\src\rp2_common\pico_float\float_v1_rom_shim.S.obj
 .debug_info    0x00013ab6       0x22 CMakeFiles\PicoSomine.dir\C_\Pico\pico-sdk\src\rp2_common\pico_mem_ops\mem_ops_aeabi.S.obj
 .debug_info    0x00013ad8       0x22 CMakeFiles\PicoSomine.dir\C_\Pico\pico-sdk\src\rp2_common\pico_standard_link\crt0.S.obj
 .debug_info    0x00013afa      0x2fb CMakeFiles\PicoSomine.dir\C_\Pico\pico-sdk\src\rp2_common\pico_standard_link\binary_info.c.obj
 .debug_info    0x00013df5     0x1827 CMakeFiles\PicoSomine.dir\C_\Pico\pico-sdk\src\rp2_common\pico_stdio\stdio.c.obj
 .debug_info    0x0001561c     0x104f CMakeFiles\PicoSomine.dir\C_\Pico\pico-sdk\src\rp2_common\pico_stdio_uart\stdio_uart.c.obj

.debug_abbrev   0x00000000     0x4512
 .debug_abbrev  0x00000000      0x2e3 CMakeFiles\PicoSomine.dir\PicoSomine.c.obj
 .debug_abbrev  0x000002e3      0x19c CMakeFiles\PicoSomine.dir\C_\Pico\pico-sdk\src\rp2_common\pico_stdlib\stdlib.c.obj
 .debug_abbrev  0x0000047f      0x379 CMakeFiles\PicoSomine.dir\C_\Pico\pico-sdk\src\rp2_common\hardware_gpio\gpio.c.obj
 .debug_abbrev  0x000007f8       0xeb CMakeFiles\PicoSomine.dir\C_\Pico\pico-sdk\src\rp2_common\pico_platform\platform.c.obj
 .debug_abbrev  0x000008e3      0x2e9 CMakeFiles\PicoSomine.dir\C_\Pico\pico-sdk\src\rp2_common\hardware_claim\claim.c.obj
 .debug_abbrev  0x00000bcc      0x21b CMakeFiles\PicoSomine.dir\C_\Pico\pico-sdk\src\rp2_common\hardware_sync\sync.c.obj
 .debug_abbrev  0x00000de7      0x4e7 CMakeFiles\PicoSomine.dir\C_\Pico\pico-sdk\src\rp2_common\hardware_irq\irq.c.obj
 .debug_abbrev  0x000012ce      0x116 CMakeFiles\PicoSomine.dir\C_\Pico\pico-sdk\src\common\pico_sync\lock_core.c.obj
 .debug_abbrev  0x000013e4      0x397 CMakeFiles\PicoSomine.dir\C_\Pico\pico-sdk\src\common\pico_sync\mutex.c.obj
 .debug_abbrev  0x0000177b      0x571 CMakeFiles\PicoSomine.dir\C_\Pico\pico-sdk\src\common\pico_time\time.c.obj
 .debug_abbrev  0x00001cec      0x3b8 CMakeFiles\PicoSomine.dir\C_\Pico\pico-sdk\src\rp2_common\hardware_timer\timer.c.obj
 .debug_abbrev  0x000020a4      0x297 CMakeFiles\PicoSomine.dir\C_\Pico\pico-sdk\src\common\pico_util\pheap.c.obj
 .debug_abbrev  0x0000233b      0x31c CMakeFiles\PicoSomine.dir\C_\Pico\pico-sdk\src\rp2_common\hardware_uart\uart.c.obj
 .debug_abbrev  0x00002657      0x3c7 CMakeFiles\PicoSomine.dir\C_\Pico\pico-sdk\src\rp2_common\hardware_clocks\clocks.c.obj
 .debug_abbrev  0x00002a1e      0x1ea CMakeFiles\PicoSomine.dir\C_\Pico\pico-sdk\src\rp2_common\hardware_pll\pll.c.obj
 .debug_abbrev  0x00002c08      0x1a8 CMakeFiles\PicoSomine.dir\C_\Pico\pico-sdk\src\rp2_common\hardware_watchdog\watchdog.c.obj
 .debug_abbrev  0x00002db0      0x109 CMakeFiles\PicoSomine.dir\C_\Pico\pico-sdk\src\rp2_common\hardware_xosc\xosc.c.obj
 .debug_abbrev  0x00002eb9      0x4cb CMakeFiles\PicoSomine.dir\C_\Pico\pico-sdk\src\rp2_common\pico_runtime\runtime.c.obj
 .debug_abbrev  0x00003384      0x384 CMakeFiles\PicoSomine.dir\C_\Pico\pico-sdk\src\rp2_common\pico_printf\printf.c.obj
 .debug_abbrev  0x00003708       0x12 CMakeFiles\PicoSomine.dir\C_\Pico\pico-sdk\src\rp2_common\pico_bit_ops\bit_ops_aeabi.S.obj
 .debug_abbrev  0x0000371a      0x13b CMakeFiles\PicoSomine.dir\C_\Pico\pico-sdk\src\rp2_common\pico_bootrom\bootrom.c.obj
 .debug_abbrev  0x00003855       0x12 CMakeFiles\PicoSomine.dir\C_\Pico\pico-sdk\src\rp2_common\pico_divider\divider.S.obj
 .debug_abbrev  0x00003867       0x12 CMakeFiles\PicoSomine.dir\C_\Pico\pico-sdk\src\rp2_common\pico_double\double_aeabi.S.obj
 .debug_abbrev  0x00003879      0x179 CMakeFiles\PicoSomine.dir\C_\Pico\pico-sdk\src\rp2_common\pico_double\double_init_rom.c.obj
 .debug_abbrev  0x000039f2       0x12 CMakeFiles\PicoSomine.dir\C_\Pico\pico-sdk\src\rp2_common\pico_double\double_v1_rom_shim.S.obj
 .debug_abbrev  0x00003a04       0x12 CMakeFiles\PicoSomine.dir\C_\Pico\pico-sdk\src\rp2_common\pico_float\float_aeabi.S.obj
 .debug_abbrev  0x00003a16      0x18c CMakeFiles\PicoSomine.dir\C_\Pico\pico-sdk\src\rp2_common\pico_float\float_init_rom.c.obj
 .debug_abbrev  0x00003ba2       0x12 CMakeFiles\PicoSomine.dir\C_\Pico\pico-sdk\src\rp2_common\pico_float\float_v1_rom_shim.S.obj
 .debug_abbrev  0x00003bb4       0x12 CMakeFiles\PicoSomine.dir\C_\Pico\pico-sdk\src\rp2_common\pico_mem_ops\mem_ops_aeabi.S.obj
 .debug_abbrev  0x00003bc6       0x12 CMakeFiles\PicoSomine.dir\C_\Pico\pico-sdk\src\rp2_common\pico_standard_link\crt0.S.obj
 .debug_abbrev  0x00003bd8       0xad CMakeFiles\PicoSomine.dir\C_\Pico\pico-sdk\src\rp2_common\pico_standard_link\binary_info.c.obj
 .debug_abbrev  0x00003c85      0x4a5 CMakeFiles\PicoSomine.dir\C_\Pico\pico-sdk\src\rp2_common\pico_stdio\stdio.c.obj
 .debug_abbrev  0x0000412a      0x3e8 CMakeFiles\PicoSomine.dir\C_\Pico\pico-sdk\src\rp2_common\pico_stdio_uart\stdio_uart.c.obj

.debug_loc      0x00000000     0xf1c9
 .debug_loc     0x00000000      0x40d CMakeFiles\PicoSomine.dir\PicoSomine.c.obj
 .debug_loc     0x0000040d      0x296 CMakeFiles\PicoSomine.dir\C_\Pico\pico-sdk\src\rp2_common\pico_stdlib\stdlib.c.obj
 .debug_loc     0x000006a3     0x1237 CMakeFiles\PicoSomine.dir\C_\Pico\pico-sdk\src\rp2_common\hardware_gpio\gpio.c.obj
 .debug_loc     0x000018da       0xe9 CMakeFiles\PicoSomine.dir\C_\Pico\pico-sdk\src\rp2_common\pico_platform\platform.c.obj
 .debug_loc     0x000019c3      0x45f CMakeFiles\PicoSomine.dir\C_\Pico\pico-sdk\src\rp2_common\hardware_claim\claim.c.obj
 .debug_loc     0x00001e22      0x233 CMakeFiles\PicoSomine.dir\C_\Pico\pico-sdk\src\rp2_common\hardware_sync\sync.c.obj
 .debug_loc     0x00002055     0x13f5 CMakeFiles\PicoSomine.dir\C_\Pico\pico-sdk\src\rp2_common\hardware_irq\irq.c.obj
 .debug_loc     0x0000344a       0x60 CMakeFiles\PicoSomine.dir\C_\Pico\pico-sdk\src\common\pico_sync\lock_core.c.obj
 .debug_loc     0x000034aa     0x152e CMakeFiles\PicoSomine.dir\C_\Pico\pico-sdk\src\common\pico_sync\mutex.c.obj
 .debug_loc     0x000049d8     0x31e5 CMakeFiles\PicoSomine.dir\C_\Pico\pico-sdk\src\common\pico_time\time.c.obj
 .debug_loc     0x00007bbd      0xacb CMakeFiles\PicoSomine.dir\C_\Pico\pico-sdk\src\rp2_common\hardware_timer\timer.c.obj
 .debug_loc     0x00008688     0x1446 CMakeFiles\PicoSomine.dir\C_\Pico\pico-sdk\src\common\pico_util\pheap.c.obj
 .debug_loc     0x00009ace      0x83b CMakeFiles\PicoSomine.dir\C_\Pico\pico-sdk\src\rp2_common\hardware_uart\uart.c.obj
 .debug_loc     0x0000a309      0x832 CMakeFiles\PicoSomine.dir\C_\Pico\pico-sdk\src\rp2_common\hardware_clocks\clocks.c.obj
 .debug_loc     0x0000ab3b      0x310 CMakeFiles\PicoSomine.dir\C_\Pico\pico-sdk\src\rp2_common\hardware_pll\pll.c.obj
 .debug_loc     0x0000ae4b      0x2ec CMakeFiles\PicoSomine.dir\C_\Pico\pico-sdk\src\rp2_common\hardware_watchdog\watchdog.c.obj
 .debug_loc     0x0000b137       0x71 CMakeFiles\PicoSomine.dir\C_\Pico\pico-sdk\src\rp2_common\hardware_xosc\xosc.c.obj
 .debug_loc     0x0000b1a8      0x674 CMakeFiles\PicoSomine.dir\C_\Pico\pico-sdk\src\rp2_common\pico_runtime\runtime.c.obj
 .debug_loc     0x0000b81c     0x2095 CMakeFiles\PicoSomine.dir\C_\Pico\pico-sdk\src\rp2_common\pico_printf\printf.c.obj
 .debug_loc     0x0000d8b1      0x1a1 CMakeFiles\PicoSomine.dir\C_\Pico\pico-sdk\src\rp2_common\pico_bootrom\bootrom.c.obj
 .debug_loc     0x0000da52       0x59 CMakeFiles\PicoSomine.dir\C_\Pico\pico-sdk\src\rp2_common\pico_double\double_init_rom.c.obj
 .debug_loc     0x0000daab       0x73 CMakeFiles\PicoSomine.dir\C_\Pico\pico-sdk\src\rp2_common\pico_float\float_init_rom.c.obj
 .debug_loc     0x0000db1e      0xe23 CMakeFiles\PicoSomine.dir\C_\Pico\pico-sdk\src\rp2_common\pico_stdio\stdio.c.obj
 .debug_loc     0x0000e941      0x888 CMakeFiles\PicoSomine.dir\C_\Pico\pico-sdk\src\rp2_common\pico_stdio_uart\stdio_uart.c.obj

.debug_aranges  0x00000000      0xe98
 .debug_aranges
                0x00000000       0x28 CMakeFiles\PicoSomine.dir\PicoSomine.c.obj
 .debug_aranges
                0x00000028       0x38 CMakeFiles\PicoSomine.dir\C_\Pico\pico-sdk\src\rp2_common\pico_stdlib\stdlib.c.obj
 .debug_aranges
                0x00000060      0x100 CMakeFiles\PicoSomine.dir\C_\Pico\pico-sdk\src\rp2_common\hardware_gpio\gpio.c.obj
 .debug_aranges
                0x00000160       0x28 CMakeFiles\PicoSomine.dir\C_\Pico\pico-sdk\src\rp2_common\pico_platform\platform.c.obj
 .debug_aranges
                0x00000188       0x48 CMakeFiles\PicoSomine.dir\C_\Pico\pico-sdk\src\rp2_common\hardware_claim\claim.c.obj
 .debug_aranges
                0x000001d0       0x58 CMakeFiles\PicoSomine.dir\C_\Pico\pico-sdk\src\rp2_common\hardware_sync\sync.c.obj
 .debug_aranges
                0x00000228       0xc8 CMakeFiles\PicoSomine.dir\C_\Pico\pico-sdk\src\rp2_common\hardware_irq\irq.c.obj
 .debug_aranges
                0x000002f0       0x20 CMakeFiles\PicoSomine.dir\C_\Pico\pico-sdk\src\common\pico_sync\lock_core.c.obj
 .debug_aranges
                0x00000310       0x90 CMakeFiles\PicoSomine.dir\C_\Pico\pico-sdk\src\common\pico_sync\mutex.c.obj
 .debug_aranges
                0x000003a0       0xe8 CMakeFiles\PicoSomine.dir\C_\Pico\pico-sdk\src\common\pico_time\time.c.obj
 .debug_aranges
                0x00000488       0x88 CMakeFiles\PicoSomine.dir\C_\Pico\pico-sdk\src\rp2_common\hardware_timer\timer.c.obj
 .debug_aranges
                0x00000510       0x78 CMakeFiles\PicoSomine.dir\C_\Pico\pico-sdk\src\common\pico_util\pheap.c.obj
 .debug_aranges
                0x00000588       0x68 CMakeFiles\PicoSomine.dir\C_\Pico\pico-sdk\src\rp2_common\hardware_uart\uart.c.obj
 .debug_aranges
                0x000005f0       0x70 CMakeFiles\PicoSomine.dir\C_\Pico\pico-sdk\src\rp2_common\hardware_clocks\clocks.c.obj
 .debug_aranges
                0x00000660       0x28 CMakeFiles\PicoSomine.dir\C_\Pico\pico-sdk\src\rp2_common\hardware_pll\pll.c.obj
 .debug_aranges
                0x00000688       0x58 CMakeFiles\PicoSomine.dir\C_\Pico\pico-sdk\src\rp2_common\hardware_watchdog\watchdog.c.obj
 .debug_aranges
                0x000006e0       0x30 CMakeFiles\PicoSomine.dir\C_\Pico\pico-sdk\src\rp2_common\hardware_xosc\xosc.c.obj
 .debug_aranges
                0x00000710       0x88 CMakeFiles\PicoSomine.dir\C_\Pico\pico-sdk\src\rp2_common\pico_runtime\runtime.c.obj
 .debug_aranges
                0x00000798       0x90 CMakeFiles\PicoSomine.dir\C_\Pico\pico-sdk\src\rp2_common\pico_printf\printf.c.obj
 .debug_aranges
                0x00000828       0x68 CMakeFiles\PicoSomine.dir\C_\Pico\pico-sdk\src\rp2_common\pico_bit_ops\bit_ops_aeabi.S.obj
 .debug_aranges
                0x00000890       0x30 CMakeFiles\PicoSomine.dir\C_\Pico\pico-sdk\src\rp2_common\pico_bootrom\bootrom.c.obj
 .debug_aranges
                0x000008c0       0x40 CMakeFiles\PicoSomine.dir\C_\Pico\pico-sdk\src\rp2_common\pico_divider\divider.S.obj
 .debug_aranges
                0x00000900      0x140 CMakeFiles\PicoSomine.dir\C_\Pico\pico-sdk\src\rp2_common\pico_double\double_aeabi.S.obj
 .debug_aranges
                0x00000a40       0x20 CMakeFiles\PicoSomine.dir\C_\Pico\pico-sdk\src\rp2_common\pico_double\double_init_rom.c.obj
 .debug_aranges
                0x00000a60       0xc8 CMakeFiles\PicoSomine.dir\C_\Pico\pico-sdk\src\rp2_common\pico_double\double_v1_rom_shim.S.obj
 .debug_aranges
                0x00000b28      0x130 CMakeFiles\PicoSomine.dir\C_\Pico\pico-sdk\src\rp2_common\pico_float\float_aeabi.S.obj
 .debug_aranges
                0x00000c58       0x20 CMakeFiles\PicoSomine.dir\C_\Pico\pico-sdk\src\rp2_common\pico_float\float_init_rom.c.obj
 .debug_aranges
                0x00000c78       0x50 CMakeFiles\PicoSomine.dir\C_\Pico\pico-sdk\src\rp2_common\pico_float\float_v1_rom_shim.S.obj
 .debug_aranges
                0x00000cc8       0x38 CMakeFiles\PicoSomine.dir\C_\Pico\pico-sdk\src\rp2_common\pico_mem_ops\mem_ops_aeabi.S.obj
 .debug_aranges
                0x00000d00       0x28 CMakeFiles\PicoSomine.dir\C_\Pico\pico-sdk\src\rp2_common\pico_standard_link\crt0.S.obj
 .debug_aranges
                0x00000d28       0x18 CMakeFiles\PicoSomine.dir\C_\Pico\pico-sdk\src\rp2_common\pico_standard_link\binary_info.c.obj
 .debug_aranges
                0x00000d40      0x100 CMakeFiles\PicoSomine.dir\C_\Pico\pico-sdk\src\rp2_common\pico_stdio\stdio.c.obj
 .debug_aranges
                0x00000e40       0x58 CMakeFiles\PicoSomine.dir\C_\Pico\pico-sdk\src\rp2_common\pico_stdio_uart\stdio_uart.c.obj

.debug_ranges   0x00000000     0x3498
 .debug_ranges  0x00000000       0xb0 CMakeFiles\PicoSomine.dir\PicoSomine.c.obj
 .debug_ranges  0x000000b0       0x98 CMakeFiles\PicoSomine.dir\C_\Pico\pico-sdk\src\rp2_common\pico_stdlib\stdlib.c.obj
 .debug_ranges  0x00000148      0x150 CMakeFiles\PicoSomine.dir\C_\Pico\pico-sdk\src\rp2_common\hardware_gpio\gpio.c.obj
 .debug_ranges  0x00000298       0x18 CMakeFiles\PicoSomine.dir\C_\Pico\pico-sdk\src\rp2_common\pico_platform\platform.c.obj
 .debug_ranges  0x000002b0       0xd8 CMakeFiles\PicoSomine.dir\C_\Pico\pico-sdk\src\rp2_common\hardware_claim\claim.c.obj
 .debug_ranges  0x00000388       0xf0 CMakeFiles\PicoSomine.dir\C_\Pico\pico-sdk\src\rp2_common\hardware_sync\sync.c.obj
 .debug_ranges  0x00000478      0x400 CMakeFiles\PicoSomine.dir\C_\Pico\pico-sdk\src\rp2_common\hardware_irq\irq.c.obj
 .debug_ranges  0x00000878       0x10 CMakeFiles\PicoSomine.dir\C_\Pico\pico-sdk\src\common\pico_sync\lock_core.c.obj
 .debug_ranges  0x00000888      0xac0 CMakeFiles\PicoSomine.dir\C_\Pico\pico-sdk\src\common\pico_sync\mutex.c.obj
 .debug_ranges  0x00001348      0xcb8 CMakeFiles\PicoSomine.dir\C_\Pico\pico-sdk\src\common\pico_time\time.c.obj
 .debug_ranges  0x00002000      0x3d0 CMakeFiles\PicoSomine.dir\C_\Pico\pico-sdk\src\rp2_common\hardware_timer\timer.c.obj
 .debug_ranges  0x000023d0      0x248 CMakeFiles\PicoSomine.dir\C_\Pico\pico-sdk\src\common\pico_util\pheap.c.obj
 .debug_ranges  0x00002618      0x130 CMakeFiles\PicoSomine.dir\C_\Pico\pico-sdk\src\rp2_common\hardware_uart\uart.c.obj
 .debug_ranges  0x00002748       0x60 CMakeFiles\PicoSomine.dir\C_\Pico\pico-sdk\src\rp2_common\hardware_clocks\clocks.c.obj
 .debug_ranges  0x000027a8       0x30 CMakeFiles\PicoSomine.dir\C_\Pico\pico-sdk\src\rp2_common\hardware_pll\pll.c.obj
 .debug_ranges  0x000027d8       0x48 CMakeFiles\PicoSomine.dir\C_\Pico\pico-sdk\src\rp2_common\hardware_watchdog\watchdog.c.obj
 .debug_ranges  0x00002820       0x20 CMakeFiles\PicoSomine.dir\C_\Pico\pico-sdk\src\rp2_common\hardware_xosc\xosc.c.obj
 .debug_ranges  0x00002840      0x168 CMakeFiles\PicoSomine.dir\C_\Pico\pico-sdk\src\rp2_common\pico_runtime\runtime.c.obj
 .debug_ranges  0x000029a8      0x108 CMakeFiles\PicoSomine.dir\C_\Pico\pico-sdk\src\rp2_common\pico_printf\printf.c.obj
 .debug_ranges  0x00002ab0       0x60 CMakeFiles\PicoSomine.dir\C_\Pico\pico-sdk\src\rp2_common\pico_bit_ops\bit_ops_aeabi.S.obj
 .debug_ranges  0x00002b10       0x38 CMakeFiles\PicoSomine.dir\C_\Pico\pico-sdk\src\rp2_common\pico_bootrom\bootrom.c.obj
 .debug_ranges  0x00002b48       0x38 CMakeFiles\PicoSomine.dir\C_\Pico\pico-sdk\src\rp2_common\pico_divider\divider.S.obj
 .debug_ranges  0x00002b80      0x138 CMakeFiles\PicoSomine.dir\C_\Pico\pico-sdk\src\rp2_common\pico_double\double_aeabi.S.obj
 .debug_ranges  0x00002cb8       0x30 CMakeFiles\PicoSomine.dir\C_\Pico\pico-sdk\src\rp2_common\pico_double\double_init_rom.c.obj
 .debug_ranges  0x00002ce8       0xc0 CMakeFiles\PicoSomine.dir\C_\Pico\pico-sdk\src\rp2_common\pico_double\double_v1_rom_shim.S.obj
 .debug_ranges  0x00002da8      0x128 CMakeFiles\PicoSomine.dir\C_\Pico\pico-sdk\src\rp2_common\pico_float\float_aeabi.S.obj
 .debug_ranges  0x00002ed0       0x28 CMakeFiles\PicoSomine.dir\C_\Pico\pico-sdk\src\rp2_common\pico_float\float_init_rom.c.obj
 .debug_ranges  0x00002ef8       0x48 CMakeFiles\PicoSomine.dir\C_\Pico\pico-sdk\src\rp2_common\pico_float\float_v1_rom_shim.S.obj
 .debug_ranges  0x00002f40       0x30 CMakeFiles\PicoSomine.dir\C_\Pico\pico-sdk\src\rp2_common\pico_mem_ops\mem_ops_aeabi.S.obj
 .debug_ranges  0x00002f70       0x20 CMakeFiles\PicoSomine.dir\C_\Pico\pico-sdk\src\rp2_common\pico_standard_link\crt0.S.obj
 .debug_ranges  0x00002f90      0x258 CMakeFiles\PicoSomine.dir\C_\Pico\pico-sdk\src\rp2_common\pico_stdio\stdio.c.obj
 .debug_ranges  0x000031e8      0x2b0 CMakeFiles\PicoSomine.dir\C_\Pico\pico-sdk\src\rp2_common\pico_stdio_uart\stdio_uart.c.obj

.debug_line     0x00000000     0xe368
 .debug_line    0x00000000      0x63b CMakeFiles\PicoSomine.dir\PicoSomine.c.obj
 .debug_line    0x0000063b      0x483 CMakeFiles\PicoSomine.dir\C_\Pico\pico-sdk\src\rp2_common\pico_stdlib\stdlib.c.obj
 .debug_line    0x00000abe      0xc76 CMakeFiles\PicoSomine.dir\C_\Pico\pico-sdk\src\rp2_common\hardware_gpio\gpio.c.obj
 .debug_line    0x00001734      0x24c CMakeFiles\PicoSomine.dir\C_\Pico\pico-sdk\src\rp2_common\pico_platform\platform.c.obj
 .debug_line    0x00001980      0x432 CMakeFiles\PicoSomine.dir\C_\Pico\pico-sdk\src\rp2_common\hardware_claim\claim.c.obj
 .debug_line    0x00001db2      0x42f CMakeFiles\PicoSomine.dir\C_\Pico\pico-sdk\src\rp2_common\hardware_sync\sync.c.obj
 .debug_line    0x000021e1      0xfe5 CMakeFiles\PicoSomine.dir\C_\Pico\pico-sdk\src\rp2_common\hardware_irq\irq.c.obj
 .debug_line    0x000031c6      0x1e6 CMakeFiles\PicoSomine.dir\C_\Pico\pico-sdk\src\common\pico_sync\lock_core.c.obj